******************************************************************************
                  TI ARM Linker PC v20.2.3                     
******************************************************************************
>> Linked Mon Nov 23 19:26:16 2020

OUTPUT FILE NAME:   <httpgetCC3100_EK_TM4C129EXL_TI.out>
ENTRY POINT SYMBOL: "_c_int00"  address: 00005ec1


MEMORY CONFIGURATION

         name            origin    length      used     unused   attr    fill
----------------------  --------  ---------  --------  --------  ----  --------
  FLASH                 00000000   00100000  0000bacc  000f4534  R  X
  SRAM                  20000000   00040000  00003542  0003cabe  RW X


SEGMENT ALLOCATION MAP

run origin  load origin   length   init length attrs members
----------  ----------- ---------- ----------- ----- -------
00000000    00000000    0000bad8   0000bad8    r-x
  00000000    00000000    0000003c   0000003c    r-- .resetVecs
  00000040    00000040    00008e4a   00008e4a    r-x .text
  00008e8c    00008e8c    0000293e   0000293e    r-- .const
  0000b7d0    0000b7d0    00000308   00000308    r-- .cinit
20000000    20000000    00000360   00000000    rw-
  20000000    20000000    00000360   00000000    rw- .vecs
20000400    20000400    000031e8   00000000    rw-
  20000400    20000400    00002868   00000000    rw- .bss
  20002c68    20002c68    0000057a   00000000    rw- .data
  200031e8    200031e8    00000400   00000000    rw- .stack


SECTION ALLOCATION MAP

 output                                  attributes/
section   page    origin      length       input sections
--------  ----  ----------  ----------   ----------------
.text      0    00000040    00008e4a     
                  00000040    00000430     sysbios.aem4f : BIOS.obj (.text:ti_sysbios_family_arm_m3_Hwi_excDumpRegs__I)
                  00000470    0000039a     cc3x00_host_driver.aem4f : driver.oem4f (.text:_SlDrvMsgRead)
                  0000080a    00000002     drivers_wifi_tivaware.aem4f : WiFiCC3100.oem4f (.text:CC3X00_NWP_enablePreamble)
                  0000080c    0000034c     ti.targets.arm.rtsarm.aem4f : System.oem4f (.text:xdc_runtime_System_doPrint__I)
                  00000b58    000002cc     httpgetCC3100.obj (.text:httpSalida)
                  00000e24    00000204     Boot.aem4f : Boot_sysctl.oem4f (.text:ti_catalog_arm_cortexm4_tiva_ce_Boot_sysCtlClockFreqSetI__I)
                  00001028    000001f4     sysbios.aem4f : BIOS.obj (.text:ti_sysbios_family_arm_m3_Hwi_excHandlerMax__I)
                  0000121c    00000190     sockets.obj (.text:socketsStartUp)
                  000013ac    00000004     http_sl.aem4f : httpcli.oem4f (.text:HTTPCli_construct)
                  000013b0    00000174     sysbios.aem4f : BIOS.obj (.text:ti_sysbios_family_arm_m3_Hwi_excBusFault__I)
                  00001524    00000004     driverlib.lib : ssi.obj (.text:SSIIntClear)
                  00001528    00000164     sysbios.aem4f : BIOS.obj (.text:ti_sysbios_family_arm_m3_Hwi_excUsageFault__I)
                  0000168c    00000150     drivers_tivaware.aem4f : GPIOTiva.oem4f (.text:GPIO_setConfig)
                  000017dc    00000150     cc3x00_host_driver.aem4f : driver.oem4f (.text:_SlDrvRxHdrRead)
                  0000192c    00000004     network_sl.aem4f : ssock.oem4f (.text:Ssock_getSocket)
                  00001930    00000148     sysbios.aem4f : BIOS.obj (.text:ti_sysbios_family_arm_m3_Hwi_excMemFault__I)
                  00001a78    00000140     sockets.obj (.text:setStationMode)
                  00001bb8    00000138     sysbios.aem4f : BIOS.obj (.text:ti_sysbios_knl_Semaphore_pend__E)
                  00001cf0    00000130     driverlib.lib : gpio.obj (.text:GPIOPadConfigSet)
                  00001e20    00000128     http_sl.aem4f : httpcli.oem4f (.text:contentHandler)
                  00001f48    00000118     cc3x00_host_driver.aem4f : driver.oem4f (.text:_SlDrvMsgWrite)
                  00002060    00000118     ti.targets.arm.rtsarm.aem4f : Error.oem4f (.text:xdc_runtime_Error_policyDefault__E)
                  00002178    00000110     rtsv7M4_T_le_v4SPD16_eabi.lib : strtoul.c.obj (.text:strtoul)
                  00002288    00000108     http_sl.aem4f : httpcli.oem4f (.text:HTTPCli_connect)
                  00002390    00000108     sysbios.aem4f : BIOS.obj (.text:ti_sysbios_family_arm_lm4_Timer_start__E)
                  00002498    00000106     http_sl.aem4f : httpcli.oem4f (.text:HTTPCli_getResponseField)
                  0000259e    00000002     drivers_tivaware.aem4f : SPITivaDMA.oem4f (.text:SPITivaDMA_serviceISR)
                  000025a0    00000100     ti.targets.arm.rtsarm.aem4f : Core-mem.oem4f (.text:xdc_runtime_Core_createObject__I)
                  000026a0    000000f8                                 : Startup.oem4f (.text:xdc_runtime_Startup_startMods__I)
                  00002798    000000f8     httpgetCC3100_pem4f.oem4f (.text:xdc_runtime_System_printfExtend__I)
                  00002890    000000f4     sysbios.aem4f : m3_Hwi_asm.obj (.text:ti_sysbios_family_arm_m3_Hwi_dispatch__I)
                  00002984    000000f2     http_sl.aem4f : httpcli.oem4f (.text:bufferedRecv)
                  00002a76    00000002     rtsv7M4_T_le_v4SPD16_eabi.lib : _lock.c.obj (.text:_nop)
                  00002a78    000000ec     cc3x00_host_driver.aem4f : driver.oem4f (.text:_SlDrvDriverCBInit)
                  00002b64    000000ec     http_sl.aem4f : httpcli.oem4f (.text:redirect)
                  00002c50    000000e8                   : httpcli.oem4f (.text:HTTPCli_initSockAddr)
                  00002d38    000000e0     cc3x00_host_driver.aem4f : driver.oem4f (.text:_SlDrvDataReadOp)
                  00002e18    000000d8     drivers_tivaware.aem4f : SPITivaDMA.oem4f (.text:SPITivaDMA_open)
                  00002ef0    000000d8     sysbios.aem4f : BIOS.obj (.text:ti_sysbios_knl_Mailbox_Instance_init__E)
                  00002fc8    000000d4                   : BIOS.obj (.text:ti_sysbios_heaps_HeapMem_alloc__E)
                  0000309c    000000d0     cc3x00_host_driver.aem4f : driver.oem4f (.text:_SlDrvWaitForPoolObj)
                  0000316c    00000004     rtsv7M4_T_le_v4SPD16_eabi.lib : exit.c.obj (.text:abort:abort)
                  00003170    000000cc     sysbios.aem4f : BIOS.obj (.text:ti_sysbios_knl_Task_Instance_init__E)
                  0000323c    000000cc     ti.targets.arm.rtsarm.aem4f : Core-smem.oem4f (.text:xdc_runtime_Core_constructObject__I)
                  00003308    000000c8     cc3x00_host_driver.aem4f : driver.oem4f (.text:_SlDrvReleasePoolObj)
                  000033d0    000000c8     sysbios.aem4f : BIOS.obj (.text:ti_sysbios_knl_Task_sleep__E)
                  00003498    000000c4     http_sl.aem4f : httpcli.oem4f (.text:getChunkedData)
                  0000355c    000000c0     drivers_tivaware.aem4f : SPITivaDMA.oem4f (.text:SPITivaDMA_configDMA)
                  0000361c    000000c0     network_sl.aem4f : ssock_sl.oem4f (.text:Ssock_startTLS)
                  000036dc    00000004     drivers_wifi_tivaware.aem4f : osi_tirtos.oem4f (.text:mem_Malloc)
                  000036e0    000000bc     sysbios.aem4f : BIOS.obj (.text:ti_sysbios_family_arm_m3_Hwi_excDebugMon__I)
                  0000379c    00000004     http_sl.aem4f : httpcli.oem4f (.text:threadExit)
                  000037a0    000000bc     sysbios.aem4f : BIOS.obj (.text:ti_sysbios_family_arm_m3_Hwi_excHardFault__I)
                  0000385c    00000004     httpgetCC3100_pem4f.oem4f (.text:ti_sysbios_BIOS_RtsGateProxy_enter__E)
                  00003860    000000bc     sysbios.aem4f : BIOS.obj (.text:ti_sysbios_knl_Task_Instance_finalize__E)
                  0000391c    000000b8     EK_TM4C129EXL.obj (.text:EK_TM4C129EXL_initGeneral)
                  000039d4    000000b8     cc3x00_host_driver.aem4f : netapp.oem4f (.text:sl_NetAppDnsGetHostByName)
                  00003a8c    000000b6     network_sl.aem4f : ssock.oem4f (.text:Ssock_send)
                  00003b42    000000b4     cc3x00_host_driver.aem4f : netapp.oem4f (.text:_SlDrvNetAppEventHandler)
                  00003bf6    00000002     rtsv7M4_T_le_v4SPD16_eabi.lib : div0.asm.obj (.text)
                  00003bf8    000000b4     http_sl.aem4f : httpcli.oem4f (.text:getStatus)
                  00003cac    00000004     httpgetCC3100_pem4f.oem4f (.text:ti_sysbios_BIOS_RtsGateProxy_leave__E)
                  00003cb0    000000b4     sysbios.aem4f : BIOS.obj (.text:ti_sysbios_knl_Task_checkStacks__E)
                  00003d64    000000b0     cc3x00_host_driver.aem4f : socket.oem4f (.text:sl_Connect)
                  00003e14    000000ac                              : driver.oem4f (.text:_SlDrvDataWriteOp)
                  00003ec0    000000ac     sysbios.aem4f : BIOS.obj (.text:ti_sysbios_family_arm_lm4_Timer_enableTiva__I)
                  00003f6c    000000a4     drivers_tivaware.aem4f : SPITivaDMA.oem4f (.text:SPITivaDMA_initHw)
                  00004010    000000a4     cc3x00_host_driver.aem4f : socket.oem4f (.text:sl_Send)
                  000040b4    000000a0     auto_init.aem4f : auto_init.oem4f (.text)
                  00004154    000000a0     ti.targets.arm.rtsarm.aem4f : Text.oem4f (.text:xdc_runtime_Text_putMod__E)
                  000041f4    0000009c     rtsv7M4_T_le_v4SPD16_eabi.lib : memcpy_t2.asm.obj (.text)
                  00004290    0000009a     ti.targets.arm.rtsarm.aem4f : Text.oem4f (.text:xdc_runtime_Text_putSite__E)
                  0000432a    00000002     httpgetCC3100_pem4f.oem4f (.text:ti_sysbios_BIOS_nullFunc__I)
                  0000432c    00000098     cc3x00_host_driver.aem4f : driver.oem4f (.text:_SlDrvMsgReadCmdCtx)
                  000043c4    00000098                              : device.oem4f (.text:sl_Stop)
                  0000445c    00000098     Boot.aem4f : Boot.oem4f (.text:ti_catalog_arm_cortexm4_tiva_ce_Boot_sysCtlClockFreqSet__E)
                  000044f4    00000094     EK_TM4C129EXL.obj (.text:EK_TM4C129EXL_initWiFi)
                  00004588    00000094     cc3x00_host_driver.aem4f : driver.oem4f (.text:_SlFindAndSetActiveObj)
                  0000461c    00000004     sysbios.aem4f : BIOS.obj (.text:ti_sysbios_family_arm_lm4_Timer_masterEnable__I)
                  00004620    00000094                   : BIOS.obj (.text:ti_sysbios_family_arm_m3_Hwi_Instance_init__E)
                  000046b4    00000004     httpgetCC3100_pem4f.oem4f (.text:ti_sysbios_family_arm_m3_Hwi_destruct)
                  000046b8    00000094     sysbios.aem4f : BIOS.obj (.text:ti_sysbios_family_arm_m3_Hwi_initNVIC__E)
                  0000474c    00000090     cc3x00_host_driver.aem4f : driver.oem4f (.text:_SlDrvDriverCBDeinit)
                  000047dc    00000090     httpgetCC3100.obj (.text:main)
                  0000486c    00000090     http_sl.aem4f : httpcli.oem4f (.text:readLine)
                  000048fc    00000090     cc3x00_host_driver.aem4f : device.oem4f (.text:sl_Start)
                  0000498c    0000008c     drivers_tivaware.aem4f : GPIOTiva.oem4f (.text:GPIO_init)
                  00004a18    0000008c     drivers_wifi_tivaware.aem4f : WiFiCC3100.oem4f (.text:WiFiCC3100_open)
                  00004aa4    0000008c     sysbios.aem4f : m3_TaskSupport_asm.obj (.text:ti_sysbios_family_arm_m3_TaskSupport_buildTaskStack)
                  00004b30    0000008c                   : BIOS.obj (.text:ti_sysbios_knl_Task_postInit__I)
                  00004bbc    00000088     EK_TM4C129EXL.obj (.text:EK_TM4C129EXL_initDMA)
                  00004c44    00000004     httpgetCC3100_pem4f.oem4f (.text:ti_sysbios_family_arm_m3_TaskSupport_Module__startupDone__S)
                  00004c48    00000088     sysbios.aem4f : BIOS.obj (.text:ti_sysbios_knl_Mailbox_post__E)
                  00004cd0    00000084                   : BIOS.obj (.text:ti_sysbios_family_arm_m3_Hwi_postInit__I)
                  00004d54    00000084     driverlib.lib : udma.obj (.text:uDMAChannelTransferSet)
                  00004dd8    0000007c     cc3x00_host_driver.aem4f : netcfg.oem4f (.text:sl_NetCfgGet)
                  00004e54    00000004     httpgetCC3100_pem4f.oem4f (.text:ti_sysbios_heaps_HeapMem_Module_GateProxy_enter__E)
                  00004e58    0000007c     sysbios.aem4f : BIOS.obj (.text:ti_sysbios_heaps_HeapMem_free__E)
                  00004ed4    0000007a     rtsv7M4_T_le_v4SPD16_eabi.lib : memset_t2.asm.obj (.text)
                  00004f4e    00000002     httpgetCC3100_pem4f.oem4f (.text:xdc_runtime_Startup_reset__I)
                  00004f50    00000078     drivers_wifi_tivaware.aem4f : osi_tirtos.oem4f (.text:VStartSimpleLinkSpawnTask)
                  00004fc8    00000074     cc3x00_host_driver.aem4f : driver.oem4f (.text:_SlDrvClassifyRxMsg)
                  0000503c    00000004     httpgetCC3100_pem4f.oem4f (.text:ti_sysbios_heaps_HeapMem_Module_GateProxy_leave__E)
                  00005040    00000074     sysbios.aem4f : BIOS.obj (.text:ti_sysbios_knl_Mailbox_pend__E)
                  000050b4    00000070     http_sl.aem4f : httpcli.oem4f (.text:HTTPCli_sendRequest)
                  00005124    00000070     cc3x00_host_driver.aem4f : driver.oem4f (.text:_SlDrvCmdOp)
                  00005194    00000070                              : fs.oem4f (.text:sl_FsClose)
                  00005204    00000070                              : wlan.oem4f (.text:sl_WlanSmartConfigStart)
                  00005274    00000004     httpgetCC3100_pem4f.oem4f (.text:ti_sysbios_knl_Clock_TimerProxy_getMaxTicks__E)
                  00005278    00000070     sysbios.aem4f : BIOS.obj (.text:ti_sysbios_knl_Clock_workFunc__E)
                  000052e8    00000070                   : BIOS.obj (.text:ti_sysbios_knl_Mailbox_Instance_finalize__E)
                  00005358    00000070                   : BIOS.obj (.text:ti_sysbios_knl_Task_exit__E)
                  000053c8    0000006d     ti.targets.arm.rtsarm.aem4f : System.oem4f (.text:xdc_runtime_System_formatNum__I)
                  00005435    00000003     --HOLE-- [fill = 0]
                  00005438    0000006c     cc3x00_host_driver.aem4f : driver.oem4f (.text:_SlDrvMsgReadSpawnCtx)
                  000054a4    0000006c     http_sl.aem4f : httpcli.oem4f (.text:checkContentField)
                  00005510    0000006c     sysbios.aem4f : BIOS.obj (.text:ti_sysbios_knl_Swi_restoreHwi__E)
                  0000557c    0000006c     ti.targets.arm.rtsarm.aem4f : Error.oem4f (.text:xdc_runtime_Error_print__E)
                  000055e8    0000006c                                 : Memory.oem4f (.text:xdc_runtime_Memory_alloc__E)
                  00005654    00000068     rtsv7M4_T_le_v4SPD16_eabi.lib : copy_decompress_lzss.c.obj (.text:decompress:lzss:__TI_decompress_lzss)
                  000056bc    00000066     ti.targets.arm.rtsarm.aem4f : Core-mem.oem4f (.text:xdc_runtime_Core_deleteObject__I)
                  00005722    00000002     --HOLE-- [fill = 0]
                  00005724    00000064     drivers_tivaware.aem4f : GPIOTiva.oem4f (.text:GPIO_hwiIntFxn)
                  00005788    00000064     cc3x00_host_driver.aem4f : netapp.oem4f (.text:_sl_HandleAsync_DnsGetHostByName)
                  000057ec    00000064     drivers_wifi_tivaware.aem4f : WiFiCC3100.oem4f (.text:spi_Read)
                  00005850    00000064                                 : WiFiCC3100.oem4f (.text:spi_Write)
                  000058b4    00000004     httpgetCC3100_pem4f.oem4f (.text:ti_sysbios_knl_Mailbox_delete)
                  000058b8    00000064     sysbios.aem4f : BIOS.obj (.text:ti_sysbios_family_arm_lm4_Timer_Module_startup__E)
                  0000591c    00000064     httpgetCC3100_pem4f.oem4f (.text:ti_sysbios_family_arm_m3_Hwi_create)
                  00005980    00000064     sysbios.aem4f : BIOS.obj (.text:ti_sysbios_family_arm_m3_Hwi_dispatchC__I)
                  000059e4    00000064     httpgetCC3100_pem4f.oem4f (.text:ti_sysbios_knl_Mailbox_create)
                  00005a48    00000064     sysbios.aem4f : BIOS.obj (.text:ti_sysbios_knl_Semaphore_post__E)
                  00005aac    00000062     drivers_tivaware.aem4f : SPITivaDMA.oem4f (.text:SPITivaDMA_transfer)
                  00005b0e    00000002     --HOLE-- [fill = 0]
                  00005b10    00000060     cc3x00_host_driver.aem4f : netapp.oem4f (.text:_sl_HandleAsync_DnsGetHostByService)
                  00005b70    00000060                              : device.oem4f (.text:_sl_HandleAsync_InitComplete)
                  00005bd0    00000060                              : netapp.oem4f (.text:_sl_HandleAsync_PingResponse)
                  00005c30    00000060     sysbios.aem4f : BIOS.obj (.text:ti_sysbios_knl_Task_schedule__I)
                  00005c90    0000005c                   : BIOS.obj (.text:ti_sysbios_knl_Swi_run__I)
                  00005cec    00000004     httpgetCC3100_pem4f.oem4f (.text:ti_sysbios_knl_Queue_destruct)
                  00005cf0    0000005c     sysbios.aem4f : BIOS.obj (.text:ti_sysbios_knl_Swi_schedule__I)
                  00005d4c    00000004     httpgetCC3100_pem4f.oem4f (.text:ti_sysbios_knl_Semaphore_delete)
                  00005d50    0000005c     sysbios.aem4f : BIOS.obj (.text:ti_sysbios_knl_Task_Module_startup__E)
                  00005dac    0000005c     httpgetCC3100_pem4f.oem4f (.text:ti_sysbios_knl_Task_create)
                  00005e08    0000005c     sysbios.aem4f : BIOS.obj (.text:ti_sysbios_knl_Task_startCore__E)
                  00005e64    0000005b     ti.targets.arm.rtsarm.aem4f : Text.oem4f (.text:xdc_runtime_Text_putLab__E)
                  00005ebf    00000001     --HOLE-- [fill = 0]
                  00005ec0    00000058     boot.aem4f : boot.oem4f (.text)
                  00005f18    00000058     rtsv7M4_T_le_v4SPD16_eabi.lib : hostwrite.c.obj (.text:HOSTwrite)
                  00005f70    00000058     cc3x00_host_driver.aem4f : driver.oem4f (.text:_SlDrvCmdSend)
                  00005fc8    00000058                              : netapp.oem4f (.text:_sl_NetAppSendTokenValue)
                  00006020    00000058     httpgetCC3100_pem4f.oem4f (.text:ti_sysbios_family_arm_m3_Hwi_construct)
                  00006078    00000058     sysbios.aem4f : m3_Hwi_asm_switch.obj (.text:ti_sysbios_family_arm_m3_Hwi_initStacks__E)
                  000060d0    00000056     driverlib.lib : gpio.obj (.text:GPIOIntTypeSet)
                  00006126    00000056     http_sl.aem4f : httpcli.oem4f (.text:sprsend)
                  0000617c    00000054                   : httpcli.oem4f (.text:HTTPCli_sendField)
                  000061d0    00000054                   : httpcli.oem4f (.text:asyncThread)
                  00006224    00000054     cc3x00_host_driver.aem4f : fs.oem4f (.text:sl_FsOpen)
                  00006278    00000054                              : socket.oem4f (.text:sl_SetSockOpt)
                  000062cc    00000004     httpgetCC3100_pem4f.oem4f (.text:ti_sysbios_knl_Semaphore_destruct)
                  000062d0    00000054     sysbios.aem4f : BIOS.obj (.text:ti_sysbios_family_arm_lm4_Timer_initDevice__I)
                  00006324    00000054     httpgetCC3100_pem4f.oem4f (.text:ti_sysbios_knl_Task_construct)
                  00006378    00000054     ti.targets.arm.rtsarm.aem4f : Assert.oem4f (.text:xdc_runtime_Assert_raise__I)
                  000063cc    00000050     drivers_tivaware.aem4f : GPIOTiva.oem4f (.text:GPIO_setCallback)
                  0000641c    00000050                            : GPIOTiva.oem4f (.text:GPIO_write)
                  0000646c    00000050     driverlib.lib : sysctl.obj (.text:SysCtlPeripheralReset)
                  000064bc    00000050     Boot.aem4f : Boot_sysctl.oem4f (.text:_SysCtlFrequencyGet)
                  0000650c    00000050     cc3x00_host_driver.aem4f : socket.oem4f (.text:_sl_HandleAsync_Connect)
                  0000655c    00000050                              : netcfg.oem4f (.text:sl_NetCfgSet)
                  000065ac    00000004     httpgetCC3100_pem4f.oem4f (.text:ti_sysbios_knl_Task_delete)
                  000065b0    00000050     sysbios.aem4f : BIOS.obj (.text:ti_sysbios_family_arm_m3_Hwi_Module_startup__E)
                  00006600    00000050     ti.targets.arm.rtsarm.aem4f : Startup.oem4f (.text:xdc_runtime_Startup_exec__E)
                  00006650    00000050                                 : Text.oem4f (.text:xdc_runtime_Text_visitRope2__I)
                  000066a0    0000004c     cc3x00_host_driver.aem4f : device.oem4f (.text:_SlDrvDeviceEventHandler)
                  000066ec    0000004c                              : socket.oem4f (.text:_sl_HandleAsync_Accept)
                  00006738    0000004c     rtsv7M4_T_le_v4SPD16_eabi.lib : cpy_tbl.c.obj (.text:copy_in)
                  00006784    00000004     ti.targets.arm.rtsarm.aem4f : Error.oem4f (.text:xdc_runtime_Error_getSite__E)
                  00006788    0000004c     sysbios.aem4f : BIOS.obj (.text:ti_sysbios_heaps_HeapMem_getStats__E)
                  000067d4    00000004     httpgetCC3100_pem4f.oem4f (.text:xdc_runtime_System_Module_GateProxy_enter__E)
                  000067d8    0000004c     sysbios.aem4f : BIOS.obj (.text:ti_sysbios_knl_Swi_runLoop__I)
                  00006824    00000004     httpgetCC3100_pem4f.oem4f (.text:xdc_runtime_System_Module_GateProxy_leave__E)
                  00006828    0000004c     sysbios.aem4f : BIOS.obj (.text:ti_sysbios_knl_Task_allBlockedFunction__I)
                  00006874    00000048     driverlib.lib : gpio.obj (.text:GPIOPinConfigure)
                  000068bc    00000048     cc3x00_host_driver.aem4f : driver.oem4f (.text:_SlRemoveFromList)
                  00006904    00000048                              : socket.oem4f (.text:sl_Recv)
                  0000694c    00000004     ti.targets.arm.rtsarm.aem4f : System.oem4f (.text:xdc_runtime_System_aprintf_va__F)
                  00006950    00000048     sysbios.aem4f : BIOS.obj (.text:ti_sysbios_family_arm_lm4_Timer_enableTimers__I)
                  00006998    00000048                   : BIOS.obj (.text:ti_sysbios_family_arm_m3_Hwi_disableInterrupt__E)
                  000069e0    00000048                   : BIOS.obj (.text:ti_sysbios_family_arm_m3_Hwi_enableInterrupt__E)
                  00006a28    00000048                   : BIOS.obj (.text:ti_sysbios_family_arm_m3_Hwi_excReserved__I)
                  00006a70    00000048                   : BIOS.obj (.text:ti_sysbios_knl_Mailbox_Module_startup__E)
                  00006ab8    00000046     ti.targets.arm.rtsarm.aem4f : Core-params.oem4f (.text:xdc_runtime_Core_assignParams__I)
                  00006afe    00000044     drivers_tivaware.aem4f : SPITivaDMA.oem4f (.text:SPITivaDMA_hwiFxn)
                  00006b42    00000002     --HOLE-- [fill = 0]
                  00006b44    00000044     cc3x00_host_driver.aem4f : driver.oem4f (.text:_SlAsyncEventGenericHandler)
                  00006b88    00000044                              : wlan.oem4f (.text:sl_WlanPolicySet)
                  00006bcc    00000004     ti.targets.arm.rtsarm.aem4f : System.oem4f (.text:xdc_runtime_System_printf_va__F)
                  00006bd0    00000044     sysbios.aem4f : BIOS.obj (.text:ti_sysbios_family_arm_lm4_Timer_isrStub__E)
                  00006c14    00000004     --HOLE-- [fill = 0]
                  00006c18    00000044                   : BIOS.obj (.text:ti_sysbios_family_arm_m3_Hwi_getStackInfo__E)
                  00006c5c    00000004     --HOLE-- [fill = 0]
                  00006c60    00000044                   : BIOS.obj (.text:ti_sysbios_knl_Swi_post__E)
                  00006ca4    00000044     ti.targets.arm.rtsarm.aem4f : Error.oem4f (.text:xdc_runtime_Error_setX__E)
                  00006ce8    00000044                                 : SysMin.oem4f (.text:xdc_runtime_SysMin_flush__E)
                  00006d2c    00000044                                 : Text.oem4f (.text:xdc_runtime_Text_xprintf__I)
                  00006d70    00000042     drivers_tivaware.aem4f : SPITivaDMA.oem4f (.text:SPITivaDMA_transferCancel)
                  00006db2    00000040     http_sl.aem4f : httpcli.oem4f (.text:HTTPCli_readResponseBody)
                  00006df2    00000002     --HOLE-- [fill = 0]
                  00006df4    00000040     cc3x00_host_driver.aem4f : driver.oem4f (.text:_SlDrvRxIrqHandler)
                  00006e34    00000040                              : socket.oem4f (.text:_sl_HandleAsync_Select)
                  00006e74    00000040     drivers_wifi_tivaware.aem4f : osi_tirtos.oem4f (.text:osi_LockObjLock)
                  00006eb4    00000040                                 : osi_tirtos.oem4f (.text:osi_SyncObjCreate)
                  00006ef4    00000040                                 : osi_tirtos.oem4f (.text:osi_SyncObjWait)
                  00006f34    00000040     rtsv7M4_T_le_v4SPD16_eabi.lib : u_divt2.asm.obj (.text)
                  00006f74    00000040     http_sl.aem4f : httpcli.oem4f (.text:threadCreate)
                  00006fb4    00000004     --HOLE-- [fill = 0]
                  00006fb8    00000040     sysbios.aem4f : BIOS.obj (.text:ti_sysbios_family_arm_lm4_Timer_startup__E)
                  00006ff8    00000040                   : BIOS.obj (.text:ti_sysbios_heaps_HeapMem_Instance_init__E)
                  00007038    0000003c     drivers_tivaware.aem4f : SPITivaDMA.oem4f (.text:SPITivaDMA_close)
                  00007074    0000003c     driverlib.lib : ssi.obj (.text:SSIConfigSetExpClk)
                  000070b0    0000003c     drivers_tivaware.aem4f : WiFi.oem4f (.text:WiFi_open)
                  000070ec    0000003c     cc3x00_host_driver.aem4f : device.oem4f (.text:_sl_HandleAsync_Stop)
                  00007128    0000003c     EK_TM4C129EXL.obj (.text:dmaErrorHwi)
                  00007164    0000003c     rtsv7M4_T_le_v4SPD16_eabi.lib : strncasecmp.c.obj (.text:strncasecmp)
                  000071a0    0000003c     sysbios.aem4f : BIOS.obj (.text:ti_sysbios_family_arm_m3_Hwi_excSvCall__I)
                  000071dc    00000004     --HOLE-- [fill = 0]
                  000071e0    0000003c                   : BIOS.obj (.text:ti_sysbios_heaps_HeapMem_init__I)
                  0000721c    00000004     --HOLE-- [fill = 0]
                  00007220    0000003c                   : BIOS.obj (.text:ti_sysbios_knl_Swi_restore__E)
                  0000725c    00000038     drivers_tivaware.aem4f : SPI.oem4f (.text:SPI_init)
                  00007294    00000038                            : WiFi.oem4f (.text:WiFi_init)
                  000072cc    00000038     rtsv7M4_T_le_v4SPD16_eabi.lib : trgmsg.c.obj (.text:__TI_writemsg)
                  00007304    00000038     drivers_wifi_tivaware.aem4f : osi_tirtos.oem4f (.text:osi_LockObjCreate)
                  0000733c    00000038     cc3x00_host_driver.aem4f : socket.oem4f (.text:sl_Htonl)
                  00007374    00000038     drivers_wifi_tivaware.aem4f : WiFiCC3100.oem4f (.text:spi_Open)
                  000073ac    00000004     --HOLE-- [fill = 0]
                  000073b0    00000038     sysbios.aem4f : BIOS.obj (.text:ti_sysbios_family_arm_m3_Hwi_excNoIsr__I)
                  000073e8    00000038                   : BIOS.obj (.text:ti_sysbios_knl_Task_processVitalTaskFlag__I)
                  00007420    00000038     ti.targets.arm.rtsarm.aem4f : SysMin.oem4f (.text:xdc_runtime_SysMin_putch__E)
                  00007458    00000038                                 : System.oem4f (.text:xdc_runtime_System_atexit__E)
                  00007490    00000036     httpgetCC3100.obj (.text:printError)
                  000074c6    00000036     rtsv7M4_T_le_v4SPD16_eabi.lib : strncpy.c.obj (.text:strncpy)
                  000074fc    00000035     sockets.obj (.text:SimpleLinkGeneralEventHandler)
                  00007531    00000003     --HOLE-- [fill = 0]
                  00007534    00000034     driverlib.lib : sysctl.obj (.text:SysCtlPeripheralEnable)
                  00007568    00000034     cc3x00_host_driver.aem4f : driver.oem4f (.text:_SlDrvBasicCmd)
                  0000759c    00000034                              : driver.oem4f (.text:_SlDrvProtectAsyncRespSetting)
                  000075d0    00000034     rtsv7M4_T_le_v4SPD16_eabi.lib : trgmsg.c.obj (.text:__TI_readmsg)
                  00007604    00000034     cc3x00_host_driver.aem4f : socket.oem4f (.text:sl_Htons)
                  00007638    00000034     sysbios.aem4f : BIOS.obj (.text:ti_sysbios_family_arm_m3_Hwi_Instance_finalize__E)
                  0000766c    00000004     --HOLE-- [fill = 0]
                  00007670    00000034                   : BIOS.obj (.text:ti_sysbios_family_arm_m3_Hwi_excNmi__I)
                  000076a4    00000004     --HOLE-- [fill = 0]
                  000076a8    00000034                   : BIOS.obj (.text:ti_sysbios_hal_Hwi_checkStack)
                  000076dc    00000034     httpgetCC3100_pem4f.oem4f (.text:ti_sysbios_knl_Semaphore_create)
                  00007710    00000034     ti.targets.arm.rtsarm.aem4f : Core-label.oem4f (.text:xdc_runtime_Core_assignLabel__I)
                  00007744    00000033                                 : Text.oem4f (.text:xdc_runtime_Text_printVisFxn__I)
                  00007777    00000001     --HOLE-- [fill = 0]
                  00007778    00000032     network_sl.aem4f : ssock.oem4f (.text:Ssock_recv)
                  000077aa    00000032     httpgetCC3100.obj (.text:httpTask)
                  000077dc    00000004     --HOLE-- [fill = 0]
                  000077e0    00000032     sysbios.aem4f : BIOS.obj (.text:ti_sysbios_hal_Hwi_initStack)
                  00007812    00000002     --HOLE-- [fill = 0]
                  00007814    00000030     drivers_tivaware.aem4f : GPIOTiva.oem4f (.text:GPIO_enableInt)
                  00007844    00000030                            : SPI.oem4f (.text:SPI_open)
                  00007874    00000030     sockets.obj (.text:SimpleLinkWlanEventHandler)
                  000078a4    00000030     drivers_wifi_tivaware.aem4f : WiFiCC3100.oem4f (.text:registerInterruptHandler)
                  000078d4    00000030     http_sl.aem4f : httpcli.oem4f (.text:skipLine)
                  00007904    00000030     cc3x00_host_driver.aem4f : socket.oem4f (.text:sl_Socket)
                  00007934    00000030     httpgetCC3100_pem4f.oem4f (.text:ti_sysbios_BIOS_atExitFunc__I)
                  00007964    00000004     --HOLE-- [fill = 0]
                  00007968    00000030     sysbios.aem4f : BIOS.obj (.text:ti_sysbios_family_arm_lm4_Timer_stop__E)
                  00007998    00000030                   : BIOS.obj (.text:ti_sysbios_family_arm_m3_TaskSupport_start__E)
                  000079c8    00000030     httpgetCC3100_pem4f.oem4f (.text:ti_sysbios_gates_GateHwi_Object__create__S)
                  000079f8    00000030     httpgetCC3100_pem4f.oem4f (.text:ti_sysbios_gates_GateMutex_Object__create__S)
                  00007a28    00000030     sysbios.aem4f : BIOS.obj (.text:ti_sysbios_gates_GateMutex_enter__E)
                  00007a58    00000030     httpgetCC3100_pem4f.oem4f (.text:ti_sysbios_heaps_HeapMem_Object__create__S)
                  00007a88    00000030     sysbios.aem4f : BIOS.obj (.text:ti_sysbios_knl_Mailbox_postInit__I)
                  00007ab8    00000030     httpgetCC3100_pem4f.oem4f (.text:ti_sysbios_knl_Semaphore_construct)
                  00007ae8    00000030     sysbios.aem4f : BIOS.obj (.text:ti_sysbios_knl_Semaphore_pendTimeout__I)
                  00007b18    00000030                   : BIOS.obj (.text:ti_sysbios_knl_Task_unblockI__E)
                  00007b48    00000030     ti.targets.arm.rtsarm.aem4f : SysMin.oem4f (.text:xdc_runtime_SysMin_abort__E)
                  00007b78    00000030                                 : System.oem4f (.text:xdc_runtime_System_processAtExit__E)
                  00007ba8    0000002e     httpgetCC3100_pem4f.oem4f (.text:malloc)
                  00007bd6    0000002e     rtsv7M4_T_le_v4SPD16_eabi.lib : strcasecmp.c.obj (.text:strcasecmp)
                  00007c04    0000002c     http_sl.aem4f : httpcli.oem4f (.text:lookUpResponseFields)
                  00007c30    0000002c     rtsv7M4_T_le_v4SPD16_eabi.lib : strncmp.c.obj (.text:strncmp)
                  00007c5c    0000002c     httpgetCC3100_pem4f.oem4f (.text:ti_sysbios_knl_Clock_doTick__I)
                  00007c88    0000002c     httpgetCC3100_pem4f.oem4f (.text:ti_sysbios_knl_Queue_construct)
                  00007cb4    00000004     --HOLE-- [fill = 0]
                  00007cb8    0000002c     sysbios.aem4f : BIOS.obj (.text:ti_sysbios_knl_Task_restore__E)
                  00007ce4    0000002c     driverlib.lib : udma.obj (.text:uDMAChannelAssign)
                  00007d10    0000002c     ti.targets.arm.rtsarm.aem4f : Text.oem4f (.text:xdc_runtime_Text_cordText__E)
                  00007d3c    0000002a     driverlib.lib : gpio.obj (.text:GPIODirModeSet)
                  00007d66    0000002a     drivers_wifi_tivaware.aem4f : WiFiCC3100.oem4f (.text:WiFiCC3100_close)
                  00007d90    0000002a     cc3x00_host_driver.aem4f : socket.oem4f (.text:_sl_BuildAddress)
                  00007dba    0000002a     ti.targets.arm.rtsarm.aem4f : System.oem4f (.text:xdc_runtime_System_putchar__I)
                  00007de4    00000004     --HOLE-- [fill = 0]
                  00007de8    00000028     sysbios.aem4f : BIOS.obj (.text:ti_sysbios_knl_Clock_addI__E)
                  00007e10    00000028                   : BIOS.obj (.text:ti_sysbios_knl_Swi_Module_startup__E)
                  00007e38    00000026     network_sl.aem4f : ssock_sl.oem4f (.text:fileExists)
                  00007e5e    00000026     sysbios.aem4f : m3_Hwi_asm.obj (.text:ti_sysbios_family_arm_m3_Hwi_pendSV__I)
                  00007e84    00000026     ti.targets.arm.rtsarm.aem4f : System.oem4f (.text:xdc_runtime_System_avprintf__E)
                  00007eaa    00000024     http_sl.aem4f : httpcli.oem4f (.text:HTTPCli_disconnect)
                  00007ece    00000002     --HOLE-- [fill = 0]
                  00007ed0    00000024     sockets.obj (.text:SimpleLinkNetAppEventHandler)
                  00007ef4    00000024     drivers_wifi_tivaware.aem4f : osi_tirtos.oem4f (.text:osi_Spawn)
                  00007f18    00000024     cc3x00_host_driver.aem4f : socket.oem4f (.text:sl_Close)
                  00007f3c    00000024                              : wlan.oem4f (.text:sl_WlanSetMode)
                  00007f60    00000024     httpgetCC3100_pem4f.oem4f (.text:ti_sysbios_BIOS_errorRaiseHook__I)
                  00007f84    00000024     httpgetCC3100_pem4f.oem4f (.text:ti_sysbios_BIOS_registerRTSLock__I)
                  00007fa8    00000024     httpgetCC3100_pem4f.oem4f (.text:ti_sysbios_BIOS_removeRTSLock__I)
                  00007fcc    00000024     httpgetCC3100_pem4f.oem4f (.text:ti_sysbios_BIOS_startFunc__I)
                  00007ff0    00000024     httpgetCC3100_pem4f.oem4f (.text:ti_sysbios_gates_GateMutex_Object__delete__S)
                  00008014    00000004     --HOLE-- [fill = 0]
                  00008018    00000024     sysbios.aem4f : BIOS.obj (.text:ti_sysbios_knl_Clock_Module_startup__E)
                  0000803c    00000004     --HOLE-- [fill = 0]
                  00008040    00000024                   : BIOS.obj (.text:ti_sysbios_knl_Semaphore_Instance_init__E)
                  00008064    00000024     httpgetCC3100_pem4f.oem4f (.text:ti_sysbios_knl_Semaphore_Object__delete__S)
                  00008088    00000024     sysbios.aem4f : BIOS.obj (.text:ti_sysbios_knl_Task_restoreHwi__E)
                  000080ac    00000024     driverlib.lib : udma.obj (.text:uDMAChannelControlSet)
                  000080d0    00000024     ti.targets.arm.rtsarm.aem4f : System.oem4f (.text:xdc_runtime_System_vprintf__E)
                  000080f4    00000004     --HOLE-- [fill = 0]
                  000080f8    00000022     sysbios.aem4f : BIOS.obj (.text:ti_sysbios_family_arm_lm4_Timer_write__I)
                  0000811a    00000022     httpgetCC3100_pem4f.oem4f (.text:xdc_runtime_SysMin_output__I)
                  0000813c    00000020     Boot.aem4f : Boot_sysctl.oem4f (.text:_SysCtlMemTimingGet)
                  0000815c    00000020     drivers_wifi_tivaware.aem4f : WiFiCC3100.oem4f (.text:hostDriverInterruptHandler)
                  0000817c    00000020     httpgetCC3100_pem4f.oem4f (.text:ti_sysbios_BIOS_rtsLock__I)
                  0000819c    00000004     --HOLE-- [fill = 0]
                  000081a0    00000020     sysbios.aem4f : BIOS.obj (.text:ti_sysbios_family_arm_m3_Hwi_clearInterrupt__E)
                  000081c0    00000020                   : m3_Hwi_asm.obj (.text:ti_sysbios_family_arm_m3_Hwi_excHandlerAsm__I)
                  000081e0    00000020                   : BIOS.obj (.text:ti_sysbios_family_arm_m3_Hwi_excHandler__I)
                  00008200    00000020     httpgetCC3100_pem4f.oem4f (.text:ti_sysbios_gates_GateHwi_Object__delete__S)
                  00008220    00000020     httpgetCC3100_pem4f.oem4f (.text:ti_sysbios_heaps_HeapMem_Object__delete__S)
                  00008240    00000020     sysbios.aem4f : BIOS.obj (.text:ti_sysbios_knl_Idle_run__E)
                  00008260    00000020     httpgetCC3100_pem4f.oem4f (.text:ti_sysbios_knl_Mailbox_Object__delete__S)
                  00008280    00000020     httpgetCC3100_pem4f.oem4f (.text:ti_sysbios_knl_Semaphore_Object__destruct__S)
                  000082a0    00000020     httpgetCC3100_pem4f.oem4f (.text:ti_sysbios_knl_Task_Object__delete__S)
                  000082c0    00000020     ti.targets.arm.rtsarm.aem4f : Registry.oem4f (.text:xdc_runtime_Registry_findById__E)
                  000082e0    00000020                                 : SysMin.oem4f (.text:xdc_runtime_SysMin_Module_startup__E)
                  00008300    0000001e     http_sl.aem4f : httpcli.oem4f (.text:startSecureMode)
                  0000831e    0000001e     sysbios.aem4f : m3_Hwi_asm_switch.obj (.text:ti_sysbios_family_xxx_Hwi_switchAndRunFunc)
                  0000833c    0000001c     network_sl.aem4f : ssock.oem4f (.text:Ssock_destruct)
                  00008358    0000001c     cc3x00_host_driver.aem4f : driver.oem4f (.text:_SlDrvProtectionObjLockWaitForever)
                  00008374    0000001c                              : socket.oem4f (.text:_sl_TruncatePayloadByProtocol)
                  00008390    0000001c     drivers_tivaware.aem4f : GPIOTiva.oem4f (.text:getGpioIntIndex)
                  000083ac    0000001c     httpgetCC3100_pem4f.oem4f (.text:ti_sysbios_family_arm_m3_Hwi_Object__destruct__S)
                  000083c8    0000001c     sysbios.aem4f : BIOS.obj (.text:ti_sysbios_gates_GateMutex_Instance_init__E)
                  000083e4    0000001c     httpgetCC3100_pem4f.oem4f (.text:ti_sysbios_knl_Queue_Object__destruct__S)
                  00008400    0000001c     sysbios.aem4f : BIOS.obj (.text:ti_sysbios_knl_Queue_get__E)
                  0000841c    00000004     --HOLE-- [fill = 0]
                  00008420    0000001c                   : BIOS.obj (.text:ti_sysbios_knl_Queue_put__E)
                  0000843c    00000004     --HOLE-- [fill = 0]
                  00008440    0000001c                   : BIOS.obj (.text:ti_sysbios_knl_Task_enter__I)
                  0000845c    0000001c     drivers_wifi_tivaware.aem4f : osi_tirtos.oem4f (.text:vSimpleLinkSpawnTask)
                  00008478    0000001c     ti.targets.arm.rtsarm.aem4f : Error.oem4f (.text:xdc_runtime_Error_raiseX__E)
                  00008494    0000001c                                 : Memory.oem4f (.text:xdc_runtime_Memory_valloc__E)
                  000084b0    0000001c                                 : SysMin.oem4f (.text:xdc_runtime_SysMin_exit__E)
                  000084cc    0000001c                                 : System.oem4f (.text:xdc_runtime_System_abort__E)
                  000084e8    0000001a     cc3x00_host_driver.aem4f : netapp.oem4f (.text:CopyPingResultsToReport)
                  00008502    0000001a     sockets.obj (.text:SimpleLinkHttpServerCallback)
                  0000851c    0000001a     httpgetCC3100_pem4f.oem4f (.text:free)
                  00008536    0000001a     httpgetCC3100_pem4f.oem4f (.text:ti_sysbios_family_arm_m3_Hwi_Handle__label__S)
                  00008550    0000001a     httpgetCC3100_pem4f.oem4f (.text:ti_sysbios_gates_GateHwi_Handle__label__S)
                  0000856a    0000001a     httpgetCC3100_pem4f.oem4f (.text:ti_sysbios_gates_GateMutex_Handle__label__S)
                  00008584    0000001a     httpgetCC3100_pem4f.oem4f (.text:ti_sysbios_heaps_HeapMem_Handle__label__S)
                  0000859e    0000001a     httpgetCC3100_pem4f.oem4f (.text:ti_sysbios_knl_Swi_Handle__label__S)
                  000085b8    0000001a     httpgetCC3100_pem4f.oem4f (.text:ti_sysbios_knl_Task_Handle__label__S)
                  000085d2    0000001a     httpgetCC3100_pem4f.oem4f (.text:xdc_runtime_System_aprintf__E)
                  000085ec    0000001a     httpgetCC3100_pem4f.oem4f (.text:xdc_runtime_System_printf__E)
                  00008606    00000018     driverlib.lib : gpio.obj (.text:GPIOPinTypeGPIOOutput)
                  0000861e    00000002     --HOLE-- [fill = 0]
                  00008620    00000018     drivers_wifi_tivaware.aem4f : osi_tirtos.oem4f (.text:VDeleteSimpleLinkSpawnTask)
                  00008638    00000018                                 : WiFiCC3100.oem4f (.text:WiFiCC3100_init)
                  00008650    00000018     cc3x00_host_driver.aem4f : driver.oem4f (.text:_SlDrvProtectionObjUnLock)
                  00008668    00000018     rtsv7M4_T_le_v4SPD16_eabi.lib : args_main.c.obj (.text:_args_main)
                  00008680    00000018     drivers_wifi_tivaware.aem4f : WiFiCC3100.oem4f (.text:spi_Close)
                  00008698    00000018     httpgetCC3100_pem4f.oem4f (.text:ti_sysbios_BIOS_rtsUnlock__I)
                  000086b0    00000018     httpgetCC3100_pem4f.oem4f (.text:ti_sysbios_family_arm_lm4_Timer_Module__startupDone__F)
                  000086c8    00000018     httpgetCC3100_pem4f.oem4f (.text:ti_sysbios_family_arm_m3_Hwi_Module__startupDone__F)
                  000086e0    00000018     sysbios.aem4f : m3_TaskSupport_asm.obj (.text:ti_sysbios_family_arm_m3_TaskSupport_swap__E)
                  000086f8    00000018                   : BIOS.obj (.text:ti_sysbios_gates_GateMutex_leave__E)
                  00008710    00000018                   : BIOS.obj (.text:ti_sysbios_knl_Task_sleepTimeout__I)
                  00008728    00000018     driverlib.lib : udma.obj (.text:uDMAChannelDisable)
                  00008740    00000018                   : udma.obj (.text:uDMAChannelEnable)
                  00008758    00000018                   : udma.obj (.text:uDMAChannelIsEnabled)
                  00008770    00000018     ti.targets.arm.rtsarm.aem4f : Error.oem4f (.text:xdc_runtime_Error_check__E)
                  00008788    00000018                                 : System.oem4f (.text:xdc_runtime_System_exit__E)
                  000087a0    00000018                                 : Text.oem4f (.text:xdc_runtime_Text_ropeText__E)
                  000087b8    00000016     http_sl.aem4f : httpcli.oem4f (.text:HTTPCli_destruct)
                  000087ce    00000016                   : httpcli.oem4f (.text:HTTPCli_readRawResponseBody)
                  000087e4    00000016     cc3x00_host_driver.aem4f : fs.oem4f (.text:_sl_Strlen)
                  000087fa    00000016     rtsv7M4_T_le_v4SPD16_eabi.lib : strchr.c.obj (.text:strchr)
                  00008810    00000016     httpgetCC3100_pem4f.oem4f (.text:ti_sysbios_BIOS_exitFunc__I)
                  00008826    00000016     EK_TM4C129EXL.obj (.text:ti_sysbios_family_arm_m3_Hwi_Params_init)
                  0000883c    00000016     httpgetCC3100.obj (.text:ti_sysbios_knl_Task_Params_init)
                  00008852    00000006     driverlib.lib : gpio.obj (.text:GPIOIntClear)
                  00008858    00000016     sysbios.aem4f : BIOS.obj (.text:ti_sysbios_knl_Task_unblock__E)
                  0000886e    00000002     --HOLE-- [fill = 0]
                  00008870    00000014     drivers_wifi_tivaware.aem4f : WiFiCC3100.oem4f (.text:CC3X00_NWP_disable)
                  00008884    00000014                                 : WiFiCC3100.oem4f (.text:CC3X00_NWP_enable)
                  00008898    00000014     http_sl.aem4f : httpcli.oem4f (.text:HTTPCli_getResponseStatus)
                  000088ac    00000014     drivers_tivaware.aem4f : SPI.oem4f (.text:SPI_Params_init)
                  000088c0    00000014     sockets.obj (.text:SimpleLinkSockEventHandler)
                  000088d4    00000014     network_sl.aem4f : ssock.oem4f (.text:Ssock_construct)
                  000088e8    00000014     drivers_wifi_tivaware.aem4f : WiFiCC3100.oem4f (.text:cc3100_assertCS)
                  000088fc    00000014                                 : WiFiCC3100.oem4f (.text:cc3100_deassertCS)
                  00008910    00000014     httpgetCC3100.obj (.text:gpioButtonFxn)
                  00008924    00000014     drivers_wifi_tivaware.aem4f : osi_tirtos.oem4f (.text:osi_SyncObjClear)
                  00008938    00000014     sockets.obj (.text:socketsShutDown)
                  0000894c    00000014     rtsv7M4_T_le_v4SPD16_eabi.lib : strlen.c.obj (.text:strlen)
                  00008960    00000014     httpgetCC3100_pem4f.oem4f (.text:ti_sysbios_family_arm_m3_Hwi_Object__get__S)
                  00008974    00000004     --HOLE-- [fill = 0]
                  00008978    00000014     sysbios.aem4f : BIOS.obj (.text:ti_sysbios_family_arm_m3_Hwi_switchFromBootStack__E)
                  0000898c    00000014     httpgetCC3100_pem4f.oem4f (.text:ti_sysbios_heaps_HeapMem_Object__get__S)
                  000089a0    00000014     httpgetCC3100_pem4f.oem4f (.text:ti_sysbios_knl_Swi_Object__get__S)
                  000089b4    00000012     driverlib.lib : gpio.obj (.text:GPIOPinTypeGPIOInput)
                  000089c6    00000012                   : gpio.obj (.text:GPIOPinTypeSSI)
                  000089d8    00000012                   : ssi.obj (.text:SSIDataGetNonBlocking)
                  000089ea    00000012     cc3x00_host_driver.aem4f : driver.oem4f (.text:_SlDrvObjLockWaitForever)
                  000089fc    00000012                              : driver.oem4f (.text:_SlDrvSyncObjWaitForever)
                  00008a0e    00000002     --HOLE-- [fill = 0]
                  00008a10    00000012     sysbios.aem4f : BIOS.obj (.text:ti_sysbios_hal_Hwi_Module_startup__E)
                  00008a22    00000012     httpgetCC3100_pem4f.oem4f (.text:xdc_runtime_Startup_exec__I)
                  00008a34    00000010     httpgetCC3100_pem4f.oem4f (.text:.bootCodeSection:ti_catalog_arm_cortexm4_tiva_ce_Boot_init__I)
                  00008a44    00000010     drivers_wifi_tivaware.aem4f : WiFiCC3100.oem4f (.text:CC3X00_NWP_maskInterrupt)
                  00008a54    00000010                                 : WiFiCC3100.oem4f (.text:CC3X00_NWP_unMaskInterrupt)
                  00008a64    00000010     drivers_tivaware.aem4f : WiFi.oem4f (.text:WiFi_Params_init)
                  00008a74    00000010     cc3x00_host_driver.aem4f : device.oem4f (.text:_sl_GetStartResponseConvert)
                  00008a84    00000004     --HOLE-- [fill = 0]
                  00008a88    00000010     sysbios.aem4f : BIOS.obj (.text:ti_sysbios_BIOS_exit__E)
                  00008a98    00000010                   : BIOS.obj (.text:ti_sysbios_BIOS_getCpuFreq__E)
                  00008aa8    00000010                   : BIOS.obj (.text:ti_sysbios_BIOS_setThreadType__E)
                  00008ab8    00000010                   : BIOS.obj (.text:ti_sysbios_BIOS_start__E)
                  00008ac8    00000010                   : m3_TaskSupport_asm.obj (.text:ti_sysbios_family_arm_m3_TaskSupport_glue)
                  00008ad8    00000010                   : BIOS.obj (.text:ti_sysbios_gates_GateMutex_Instance_finalize__E)
                  00008ae8    00000010     httpgetCC3100_pem4f.oem4f (.text:ti_sysbios_knl_Mailbox_Object__get__S)
                  00008af8    00000010     sysbios.aem4f : BIOS.obj (.text:ti_sysbios_knl_Semaphore_Instance_finalize__E)
                  00008b08    00000010                   : BIOS.obj (.text:ti_sysbios_knl_Swi_disable__E)
                  00008b18    00000010     httpgetCC3100_pem4f.oem4f (.text:ti_sysbios_knl_Task_Object__get__S)
                  00008b28    00000010     sysbios.aem4f : BIOS.obj (.text:ti_sysbios_knl_Task_disable__E)
                  00008b38    00000010     driverlib.lib : udma.obj (.text:uDMAEnable)
                  00008b48    00000010     ti.targets.arm.rtsarm.aem4f : Gate.oem4f (.text:xdc_runtime_Gate_leaveSystem__E)
                  00008b58    00000010                                 : Memory.oem4f (.text:xdc_runtime_Memory_free__E)
                  00008b68    00000010                                 : SysMin.oem4f (.text:xdc_runtime_SysMin_ready__E)
                  00008b78    00000010                                 : System.oem4f (.text:xdc_runtime_System_vsnprintf__E)
                  00008b88    00000010     httpgetCC3100_pem4f.oem4f (.text:xdc_runtime_Text_visitRope__I)
                  00008b98    0000000e     driverlib.lib : gpio.obj (.text:GPIOIntDisable)
                  00008ba6    0000000e                   : gpio.obj (.text:GPIOIntStatus)
                  00008bb4    0000000e     cc3x00_host_driver.aem4f : driver.oem4f (.text:_SlDrvObjUnLock)
                  00008bc2    0000000e                              : driver.oem4f (.text:_SlDrvSyncObjSignal)
                  00008bd0    0000000e     rtsv7M4_T_le_v4SPD16_eabi.lib : copy_decompress_none.c.obj (.text:decompress:none:__TI_decompress_none)
                  00008bde    00000002     --HOLE-- [fill = 0]
                  00008be0    0000000e     sysbios.aem4f : BIOS.obj (.text:ti_sysbios_knl_Idle_loop__E)
                  00008bee    00000002     --HOLE-- [fill = 0]
                  00008bf0    0000000e                   : BIOS.obj (.text:ti_sysbios_knl_Queue_empty__E)
                  00008bfe    0000000c     driverlib.lib : gpio.obj (.text:GPIOIntEnable)
                  00008c0a    00000002     --HOLE-- [fill = 0]
                  00008c0c    0000000c     rtsv7M4_T_le_v4SPD16_eabi.lib : _lock.c.obj (.text:_register_lock)
                  00008c18    0000000c                                   : _lock.c.obj (.text:_register_unlock)
                  00008c24    0000000c                                   : copy_zero_init.c.obj (.text:decompress:ZI:__TI_zero_init)
                  00008c30    0000000c     http_sl.aem4f : httpcli.oem4f (.text:isValidSocket)
                  00008c3c    0000000c     drivers_wifi_tivaware.aem4f : osi_tirtos.oem4f (.text:osi_LockObjUnlock)
                  00008c48    0000000c                                 : osi_tirtos.oem4f (.text:osi_SyncObjSignal)
                  00008c54    0000000c                                 : osi_tirtos.oem4f (.text:osi_SyncObjSignalFromISR)
                  00008c60    0000000c     sysbios.aem4f : BIOS.obj (.text:ti_sysbios_family_arm_lm4_Timer_getMaxTicks__E)
                  00008c6c    0000000c     httpgetCC3100_pem4f.oem4f (.text:ti_sysbios_family_arm_m3_Hwi_Params__init__S)
                  00008c78    0000000c     sysbios.aem4f : BIOS.obj (.text:ti_sysbios_family_arm_m3_Hwi_disableFxn__E)
                  00008c84    00000004     --HOLE-- [fill = 0]
                  00008c88    0000000c                   : BIOS.obj (.text:ti_sysbios_family_arm_m3_TaskSupport_checkStack__E)
                  00008c94    00000004     --HOLE-- [fill = 0]
                  00008c98    0000000c                   : BIOS.obj (.text:ti_sysbios_family_arm_m3_TaskSupport_getStackAlignment__E)
                  00008ca4    00000004     --HOLE-- [fill = 0]
                  00008ca8    0000000c                   : BIOS.obj (.text:ti_sysbios_gates_GateHwi_enter__E)
                  00008cb4    0000000c     httpgetCC3100_pem4f.oem4f (.text:ti_sysbios_knl_Queue_Object__get__S)
                  00008cc0    0000000c     httpgetCC3100_pem4f.oem4f (.text:ti_sysbios_knl_Semaphore_Params__init__S)
                  00008ccc    0000000c     httpgetCC3100_pem4f.oem4f (.text:ti_sysbios_knl_Task_Params__init__S)
                  00008cd8    0000000c     driverlib.lib : udma.obj (.text:uDMAControlBaseSet)
                  00008ce4    0000000c                   : udma.obj (.text:uDMAErrorStatusClear)
                  00008cf0    0000000c                   : udma.obj (.text:uDMAErrorStatusGet)
                  00008cfc    0000000c                   : udma.obj (.text:uDMAIntStatus)
                  00008d08    0000000c     ti.targets.arm.rtsarm.aem4f : Error.oem4f (.text:xdc_runtime_Error_init__E)
                  00008d14    0000000c                                 : Gate.oem4f (.text:xdc_runtime_Gate_enterSystem__E)
                  00008d20    0000000c                                 : Memory.oem4f (.text:xdc_runtime_Memory_calloc__E)
                  00008d2c    0000000c                                 : Memory.oem4f (.text:xdc_runtime_Memory_getMaxDefaultTypeAlign__E)
                  00008d38    0000000a     http_sl.aem4f : httpcli.oem4f (.text:HTTPCli_setRequestFields)
                  00008d42    0000000a                   : httpcli.oem4f (.text:HTTPCli_setResponseFields)
                  00008d4c    0000000a     drivers_tivaware.aem4f : SPITivaDMA.oem4f (.text:SPITivaDMA_init)
                  00008d56    0000000a                            : SPI.oem4f (.text:SPI_close)
                  00008d60    0000000a                            : SPI.oem4f (.text:SPI_transfer)
                  00008d6a    0000000a     driverlib.lib : ssi.obj (.text:SSIDMADisable)
                  00008d74    0000000a                   : ssi.obj (.text:SSIDisable)
                  00008d7e    0000000a                   : ssi.obj (.text:SSIEnable)
                  00008d88    0000000a                   : ssi.obj (.text:SSIIntDisable)
                  00008d92    0000000a     drivers_tivaware.aem4f : WiFi.oem4f (.text:WiFi_close)
                  00008d9c    0000000a     drivers_wifi_tivaware.aem4f : osi_tirtos.oem4f (.text:osi_LockObjDelete)
                  00008da6    0000000a                                 : osi_tirtos.oem4f (.text:osi_SyncObjDelete)
                  00008db0    0000000a     httpgetCC3100_pem4f.oem4f (.text:xdc_runtime_IHeap_alloc)
                  00008dba    0000000a     httpgetCC3100_pem4f.oem4f (.text:xdc_runtime_IHeap_free)
                  00008dc4    00000008     EK_TM4C129EXL.obj (.text:EK_TM4C129EXL_initGPIO)
                  00008dcc    00000008     driverlib.lib : ssi.obj (.text:SSIDMAEnable)
                  00008dd4    00000008                   : ssi.obj (.text:SSIIntEnable)
                  00008ddc    00000008     cc3x00_host_driver.aem4f : driver.oem4f (.text:_SlDrvMemZero)
                  00008de4    00000008     rtsv7M4_T_le_v4SPD16_eabi.lib : errno.c.obj (.text:__aeabi_errno_addr)
                  00008dec    00000008     cc3x00_host_driver.aem4f : wlan.oem4f (.text:sl_WlanDisconnect)
                  00008df4    00000008     sysbios.aem4f : BIOS.obj (.text:ti_sysbios_family_arm_lm4_Timer_masterDisable__I)
                  00008dfc    00000004     --HOLE-- [fill = 0]
                  00008e00    00000008                   : BIOS.obj (.text:ti_sysbios_family_arm_m3_Hwi_doSwiRestore__I)
                  00008e08    00000008                   : BIOS.obj (.text:ti_sysbios_family_arm_m3_Hwi_startup__E)
                  00008e10    00000006     driverlib.lib : gpio.obj (.text:GPIOPinWrite)
                  00008e16    00000006     drivers_tivaware.aem4f : SPITivaDMA.oem4f (.text:SPITivaDMA_control)
                  00008e1c    00000006                            : SPITivaDMA.oem4f (.text:SPITivaDMA_transferCallback)
                  00008e22    00000006     drivers_wifi_tivaware.aem4f : WiFiCC3100.oem4f (.text:WiFiCC3100_control)
                  00008e28    00000006     cc3x00_host_driver.aem4f : driver.oem4f (.text:_SlDrvResetCmdExt)
                  00008e2e    00000002     --HOLE-- [fill = 0]
                  00008e30    00000006     sysbios.aem4f : BIOS.obj (.text:ti_sysbios_family_arm_m3_Hwi_doTaskRestore__I)
                  00008e36    00000002     --HOLE-- [fill = 0]
                  00008e38    00000006                   : BIOS.obj (.text:ti_sysbios_family_arm_m3_Hwi_restoreFxn__E)
                  00008e3e    00000002     --HOLE-- [fill = 0]
                  00008e40    00000006                   : BIOS.obj (.text:ti_sysbios_gates_GateHwi_leave__E)
                  00008e46    00000002     --HOLE-- [fill = 0]
                  00008e48    00000006                   : BIOS.obj (.text:ti_sysbios_heaps_HeapMem_isBlocking__E)
                  00008e4e    00000002     --HOLE-- [fill = 0]
                  00008e50    00000006                   : BIOS.obj (.text:ti_sysbios_knl_Queue_Instance_init__E)
                  00008e56    00000002     --HOLE-- [fill = 0]
                  00008e58    00000006                   : BIOS.obj (.text:ti_sysbios_knl_Swi_startup__E)
                  00008e5e    00000006     ti.targets.arm.rtsarm.aem4f : System.oem4f (.text:xdc_runtime_System_Module_startup__E)
                  00008e64    00000004     --HOLE-- [fill = 0]
                  00008e68    00000004     sysbios.aem4f : BIOS.obj (.text:ti_sysbios_gates_GateHwi_query__E)
                  00008e6c    00000004     --HOLE-- [fill = 0]
                  00008e70    00000004                   : BIOS.obj (.text:ti_sysbios_gates_GateMutex_query__E)
                  00008e74    00000004     --HOLE-- [fill = 0]
                  00008e78    00000004                   : BIOS.obj (.text:ti_sysbios_knl_Task_startup__E)
                  00008e7c    00000004     --HOLE-- [fill = 0]
                  00008e80    00000002                   : BIOS.obj (.text:ti_sysbios_gates_GateHwi_Instance_init__E)
                  00008e82    00000006     --HOLE-- [fill = 0]
                  00008e88    00000002                   : BIOS.obj (.text:ti_sysbios_knl_Clock_logTick__E)

.const     0    00008e8c    0000293e     
                  00008e8c    000018f6     httpgetCC3100_pem4f.oem4f (.const:xdc_runtime_Text_charTab__A)
                  0000a782    00000002     httpgetCC3100_pem4f.oem4f (.const:ti_catalog_arm_cortexm4_tiva_ce_Boot_Module__id__C)
                  0000a784    00000370     http_sl.aem4f : httpstd.oem4f (.const:.string)
                  0000aaf4    00000120     Boot.aem4f : Boot_sysctl.oem4f (.const:g_pppui32XTALtoVCO)
                  0000ac14    00000101     rtsv7M4_T_le_v4SPD16_eabi.lib : ctype.c.obj (.const:.string:_ctypes_)
                  0000ad15    00000001     httpgetCC3100_pem4f.oem4f (.const:xdc_runtime_Error_policy__C)
                  0000ad16    000000c4     httpgetCC3100_pem4f.oem4f (.const:xdc_runtime_Text_nodeTab__A)
                  0000adda    00000002     httpgetCC3100_pem4f.oem4f (.const:ti_sysbios_family_arm_m3_Hwi_Module__id__C)
                  0000addc    00000090     driverlib.lib : gpio.obj (.const:g_pui32GPIOBaseAddrs)
                  0000ae6c    0000006c     Boot.aem4f : Boot_sysctl.oem4f (.const:g_pui32Xtals)
                  0000aed8    00000064     drivers_tivaware.aem4f : SPITivaDMA.oem4f (.const)
                  0000af3c    00000054                            : GPIOTiva.oem4f (.const:.string)
                  0000af90    00000050     EK_TM4C129EXL.obj (.const:spiTivaDMAHWAttrs)
                  0000afe0    00000048     httpgetCC3100_pem4f.oem4f (.const:.string)
                  0000b028    00000048     drivers_tivaware.aem4f : GPIOTiva.oem4f (.const:gpioBaseAddresses)
                  0000b070    0000003c     cc3x00_host_driver.aem4f : driver.oem4f (.const:OpcodeTranslateTable)
                  0000b0ac    0000003c                              : wlan.oem4f (.const)
                  0000b0e8    0000003c     httpgetCC3100_pem4f.oem4f (.const:ti_sysbios_knl_Task_Object__PARAMS__C)
                  0000b124    00000038     cc3x00_host_driver.aem4f : driver.oem4f (.const:_SlActionLookupTable)
                  0000b15c    00000038                              : fs.oem4f (.const)
                  0000b194    00000034                              : socket.oem4f (.const)
                  0000b1c8    00000034     httpgetCC3100_pem4f.oem4f (.const:ti_sysbios_knl_Mailbox_Object__PARAMS__C)
                  0000b1fc    00000030     Boot.aem4f : Boot_sysctl.oem4f (.const:g_sXTALtoMEMTIM)
                  0000b22c    00000030     httpgetCC3100_pem4f.oem4f (.const:ti_sysbios_family_arm_m3_Hwi_Object__PARAMS__C)
                  0000b25c    00000028     cc3x00_host_driver.aem4f : netapp.oem4f (.const)
                  0000b284    00000028     httpgetCC3100_pem4f.oem4f (.const:ti_sysbios_heaps_HeapMem_Module__FXNS__C)
                  0000b2ac    00000024     EK_TM4C129EXL.obj (.const:SPI_config)
                  0000b2d0    00000024     cc3x00_host_driver.aem4f : driver.oem4f (.const)
                  0000b2f4    00000024     httpgetCC3100_pem4f.oem4f (.const:ti_sysbios_gates_GateHwi_Module__FXNS__C)
                  0000b318    00000024     httpgetCC3100_pem4f.oem4f (.const:ti_sysbios_gates_GateMutex_Module__FXNS__C)
                  0000b33c    00000024     httpgetCC3100_pem4f.oem4f (.const:ti_sysbios_heaps_HeapMem_Object__PARAMS__C)
                  0000b360    00000024     httpgetCC3100_pem4f.oem4f (.const:ti_sysbios_knl_Semaphore_Object__PARAMS__C)
                  0000b384    00000024     httpgetCC3100_pem4f.oem4f (.const:xdc_runtime_Startup_sfxnTab__A)
                  0000b3a8    00000021     httpgetCC3100.obj (.const:.string:$P$T6$7)
                  0000b3c9    00000001     --HOLE-- [fill = 0]
                  0000b3ca    00000002     httpgetCC3100_pem4f.oem4f (.const:ti_sysbios_hal_Hwi_Module__id__C)
                  0000b3cc    00000020     drivers_tivaware.aem4f : SPI.oem4f (.const)
                  0000b3ec    00000020     httpgetCC3100_pem4f.oem4f (.const:ti_sysbios_family_arm_m3_Hwi_Object__DESC__C)
                  0000b40c    00000020     httpgetCC3100_pem4f.oem4f (.const:ti_sysbios_gates_GateHwi_Object__DESC__C)
                  0000b42c    00000020     httpgetCC3100_pem4f.oem4f (.const:ti_sysbios_gates_GateMutex_Object__DESC__C)
                  0000b44c    00000020     httpgetCC3100_pem4f.oem4f (.const:ti_sysbios_heaps_HeapMem_Object__DESC__C)
                  0000b46c    00000020     httpgetCC3100_pem4f.oem4f (.const:ti_sysbios_knl_Mailbox_Object__DESC__C)
                  0000b48c    00000020     httpgetCC3100_pem4f.oem4f (.const:ti_sysbios_knl_Queue_Object__DESC__C)
                  0000b4ac    00000020     httpgetCC3100_pem4f.oem4f (.const:ti_sysbios_knl_Semaphore_Object__DESC__C)
                  0000b4cc    00000020     httpgetCC3100_pem4f.oem4f (.const:ti_sysbios_knl_Task_Object__DESC__C)
                  0000b4ec    0000001c     EK_TM4C129EXL.obj (.const:wiFiCC3100HWAttrs)
                  0000b508    00000018     httpgetCC3100.obj (.const:$P$T7$8)
                  0000b520    00000018     EK_TM4C129EXL.obj (.const:WiFi_config)
                  0000b538    00000018     httpgetCC3100_pem4f.oem4f (.const:ti_sysbios_gates_GateHwi_Object__PARAMS__C)
                  0000b550    00000018     httpgetCC3100_pem4f.oem4f (.const:ti_sysbios_gates_GateMutex_Object__PARAMS__C)
                  0000b568    00000018     httpgetCC3100_pem4f.oem4f (.const:ti_sysbios_knl_Queue_Object__PARAMS__C)
                  0000b580    00000015     httpgetCC3100.obj (.const:.string:$P$T5$6)
                  0000b595    00000001     --HOLE-- [fill = 0]
                  0000b596    00000002     httpgetCC3100_pem4f.oem4f (.const:ti_sysbios_heaps_HeapMem_Module__id__C)
                  0000b598    00000014     EK_TM4C129EXL.obj (.const:GPIOTiva_config)
                  0000b5ac    00000014     cc3x00_host_driver.aem4f : device.oem4f (.const)
                  0000b5c0    00000014     httpgetCC3100_pem4f.oem4f (.const:xdc_runtime_Startup_firstFxns__A)
                  0000b5d4    00000012     httpgetCC3100_pem4f.oem4f (.const:xdc_runtime_Startup_sfxnRts__A)
                  0000b5e6    00000010     cc3x00_host_driver.aem4f : socket.oem4f (.const:.string)
                  0000b5f6    00000002     httpgetCC3100_pem4f.oem4f (.const:ti_sysbios_knl_Task_Module__id__C)
                  0000b5f8    00000010     drivers_wifi_tivaware.aem4f : WiFiCC3100.oem4f (.const)
                  0000b608    00000010     http_sl.aem4f : httpcli.oem4f (.const)
                  0000b618    0000000c     drivers_tivaware.aem4f : WiFi.oem4f (.const)
                  0000b624    00000008     cc3x00_host_driver.aem4f : device.oem4f (.const:.string)
                  0000b62c    00000008     http_sl.aem4f : httpcli.oem4f (.const:.string)
                  0000b634    00000008     Boot.aem4f : Boot_sysctl.oem4f (.const)
                  0000b63c    00000008     cc3x00_host_driver.aem4f : netcfg.oem4f (.const)
                  0000b644    00000008     httpgetCC3100_pem4f.oem4f (.const:ti_sysbios_family_arm_m3_Hwi_excHookFuncs__A)
                  0000b64c    00000008     httpgetCC3100_pem4f.oem4f (.const:ti_sysbios_knl_Idle_funcList__C)
                  0000b654    00000008     httpgetCC3100_pem4f.oem4f (.const:xdc_runtime_Startup_firstFxns__C)
                  0000b65c    00000008     httpgetCC3100_pem4f.oem4f (.const:xdc_runtime_Startup_lastFxns__C)
                  0000b664    00000004     httpgetCC3100_pem4f.oem4f (.const:ti_catalog_arm_cortexm4_tiva_ce_Boot_A_mustNotUseEnhancedClockMode__C)
                  0000b668    00000004     httpgetCC3100_pem4f.oem4f (.const:ti_catalog_arm_cortexm4_tiva_ce_Boot_Module__diagsEnabled__C)
                  0000b66c    00000004     httpgetCC3100_pem4f.oem4f (.const:ti_catalog_arm_cortexm4_tiva_ce_Boot_Module__diagsIncluded__C)
                  0000b670    00000004     httpgetCC3100_pem4f.oem4f (.const:ti_catalog_arm_cortexm4_tiva_ce_Boot_Module__diagsMask__C)
                  0000b674    00000004     httpgetCC3100_pem4f.oem4f (.const:ti_sysbios_family_arm_lm4_Timer_enableFunc__C)
                  0000b678    00000004     httpgetCC3100_pem4f.oem4f (.const:ti_sysbios_family_arm_lm4_Timer_numTimerDevices__C)
                  0000b67c    00000004     httpgetCC3100_pem4f.oem4f (.const:ti_sysbios_family_arm_lm4_Timer_startupNeeded__C)
                  0000b680    00000004     httpgetCC3100_pem4f.oem4f (.const:ti_sysbios_family_arm_m3_Hwi_E_NMI__C)
                  0000b684    00000004     httpgetCC3100_pem4f.oem4f (.const:ti_sysbios_family_arm_m3_Hwi_E_alreadyDefined__C)
                  0000b688    00000004     httpgetCC3100_pem4f.oem4f (.const:ti_sysbios_family_arm_m3_Hwi_E_busFault__C)
                  0000b68c    00000004     httpgetCC3100_pem4f.oem4f (.const:ti_sysbios_family_arm_m3_Hwi_E_debugMon__C)
                  0000b690    00000004     httpgetCC3100_pem4f.oem4f (.const:ti_sysbios_family_arm_m3_Hwi_E_hardFault__C)
                  0000b694    00000004     httpgetCC3100_pem4f.oem4f (.const:ti_sysbios_family_arm_m3_Hwi_E_memFault__C)
                  0000b698    00000004     httpgetCC3100_pem4f.oem4f (.const:ti_sysbios_family_arm_m3_Hwi_E_noIsr__C)
                  0000b69c    00000004     httpgetCC3100_pem4f.oem4f (.const:ti_sysbios_family_arm_m3_Hwi_E_reserved__C)
                  0000b6a0    00000004     httpgetCC3100_pem4f.oem4f (.const:ti_sysbios_family_arm_m3_Hwi_E_svCall__C)
                  0000b6a4    00000004     httpgetCC3100_pem4f.oem4f (.const:ti_sysbios_family_arm_m3_Hwi_E_usageFault__C)
                  0000b6a8    00000004     httpgetCC3100_pem4f.oem4f (.const:ti_sysbios_family_arm_m3_Hwi_NUM_INTERRUPTS__C)
                  0000b6ac    00000004     httpgetCC3100_pem4f.oem4f (.const:ti_sysbios_family_arm_m3_Hwi_Object__count__C)
                  0000b6b0    00000004     httpgetCC3100_pem4f.oem4f (.const:ti_sysbios_family_arm_m3_Hwi_ccr__C)
                  0000b6b4    00000004     httpgetCC3100_pem4f.oem4f (.const:ti_sysbios_family_arm_m3_Hwi_excHandlerFunc__C)
                  0000b6b8    00000004     httpgetCC3100_pem4f.oem4f (.const:ti_sysbios_family_arm_m3_Hwi_excHookFuncs__C)
                  0000b6bc    00000004     httpgetCC3100_pem4f.oem4f (.const:ti_sysbios_family_arm_m3_Hwi_nullIsrFunc__C)
                  0000b6c0    00000004     httpgetCC3100_pem4f.oem4f (.const:ti_sysbios_family_arm_m3_Hwi_priGroup__C)
                  0000b6c4    00000004     httpgetCC3100_pem4f.oem4f (.const:ti_sysbios_family_arm_m3_TaskSupport_stackAlignment__C)
                  0000b6c8    00000004     httpgetCC3100_pem4f.oem4f (.const:ti_sysbios_gates_GateMutex_Instance_State_sem__O)
                  0000b6cc    00000004     httpgetCC3100_pem4f.oem4f (.const:ti_sysbios_hal_Hwi_E_stackOverflow__C)
                  0000b6d0    00000004     httpgetCC3100_pem4f.oem4f (.const:ti_sysbios_heaps_HeapMem_E_memory__C)
                  0000b6d4    00000004     httpgetCC3100_pem4f.oem4f (.const:ti_sysbios_heaps_HeapMem_Module__gateObj__C)
                  0000b6d8    00000004     httpgetCC3100_pem4f.oem4f (.const:ti_sysbios_heaps_HeapMem_Object__count__C)
                  0000b6dc    00000004     httpgetCC3100_pem4f.oem4f (.const:ti_sysbios_heaps_HeapMem_reqAlign__C)
                  0000b6e0    00000004     httpgetCC3100_pem4f.oem4f (.const:ti_sysbios_knl_Clock_Module_State_clockQ__O)
                  0000b6e4    00000004     httpgetCC3100_pem4f.oem4f (.const:ti_sysbios_knl_Clock_tickPeriod__C)
                  0000b6e8    00000004     httpgetCC3100_pem4f.oem4f (.const:ti_sysbios_knl_Idle_funcList__A)
                  0000b6ec    00000004     httpgetCC3100_pem4f.oem4f (.const:ti_sysbios_knl_Mailbox_Instance_State_dataQue__O)
                  0000b6f0    00000004     httpgetCC3100_pem4f.oem4f (.const:ti_sysbios_knl_Mailbox_Instance_State_dataSem__O)
                  0000b6f4    00000004     httpgetCC3100_pem4f.oem4f (.const:ti_sysbios_knl_Mailbox_Instance_State_freeQue__O)
                  0000b6f8    00000004     httpgetCC3100_pem4f.oem4f (.const:ti_sysbios_knl_Mailbox_Instance_State_freeSem__O)
                  0000b6fc    00000004     httpgetCC3100_pem4f.oem4f (.const:ti_sysbios_knl_Mailbox_Object__count__C)
                  0000b700    00000004     httpgetCC3100_pem4f.oem4f (.const:ti_sysbios_knl_Mailbox_maxTypeAlign__C)
                  0000b704    00000004     httpgetCC3100_pem4f.oem4f (.const:ti_sysbios_knl_Semaphore_Instance_State_pendQ__O)
                  0000b708    00000004     httpgetCC3100_pem4f.oem4f (.const:ti_sysbios_knl_Swi_Object__count__C)
                  0000b70c    00000004     httpgetCC3100_pem4f.oem4f (.const:ti_sysbios_knl_Task_E_spOutOfBounds__C)
                  0000b710    00000004     httpgetCC3100_pem4f.oem4f (.const:ti_sysbios_knl_Task_E_stackOverflow__C)
                  0000b714    00000004     httpgetCC3100_pem4f.oem4f (.const:ti_sysbios_knl_Task_Module_State_inactiveQ__O)
                  0000b718    00000004     httpgetCC3100_pem4f.oem4f (.const:ti_sysbios_knl_Task_Object__count__C)
                  0000b71c    00000004     httpgetCC3100_pem4f.oem4f (.const:ti_sysbios_knl_Task_allBlockedFunc__C)
                  0000b720    00000004     httpgetCC3100_pem4f.oem4f (.const:ti_sysbios_knl_Task_defaultStackHeap__C)
                  0000b724    00000004     httpgetCC3100_pem4f.oem4f (.const:ti_sysbios_knl_Task_defaultStackSize__C)
                  0000b728    00000004     httpgetCC3100_pem4f.oem4f (.const:ti_sysbios_knl_Task_numConstructedTasks__C)
                  0000b72c    00000004     httpgetCC3100_pem4f.oem4f (.const:xdc_runtime_Assert_E_assertFailed__C)
                  0000b730    00000004     httpgetCC3100_pem4f.oem4f (.const:xdc_runtime_Core_A_initializedParams__C)
                  0000b734    00000004     httpgetCC3100_pem4f.oem4f (.const:xdc_runtime_Core_Module__diagsEnabled__C)
                  0000b738    00000004     httpgetCC3100_pem4f.oem4f (.const:xdc_runtime_Core_Module__diagsIncluded__C)
                  0000b73c    00000004     httpgetCC3100_pem4f.oem4f (.const:xdc_runtime_Core_Module__diagsMask__C)
                  0000b740    00000004     httpgetCC3100_pem4f.oem4f (.const:xdc_runtime_Error_E_memory__C)
                  0000b744    00000004     httpgetCC3100_pem4f.oem4f (.const:xdc_runtime_Error_Module__diagsEnabled__C)
                  0000b748    00000004     httpgetCC3100_pem4f.oem4f (.const:xdc_runtime_Error_Module__diagsIncluded__C)
                  0000b74c    00000004     httpgetCC3100_pem4f.oem4f (.const:xdc_runtime_Error_Module__diagsMask__C)
                  0000b750    00000004     httpgetCC3100_pem4f.oem4f (.const:xdc_runtime_Error_Module__loggerFxn8__C)
                  0000b754    00000004     httpgetCC3100_pem4f.oem4f (.const:xdc_runtime_Error_Module__loggerObj__C)
                  0000b758    00000004     httpgetCC3100_pem4f.oem4f (.const:xdc_runtime_Error_policyFxn__C)
                  0000b75c    00000004     httpgetCC3100_pem4f.oem4f (.const:xdc_runtime_Error_raiseHook__C)
                  0000b760    00000004     httpgetCC3100_pem4f.oem4f (.const:xdc_runtime_IGateProvider_Interface__BASE__C)
                  0000b764    00000004     httpgetCC3100_pem4f.oem4f (.const:xdc_runtime_IHeap_Interface__BASE__C)
                  0000b768    00000004     httpgetCC3100_pem4f.oem4f (.const:xdc_runtime_IModule_Interface__BASE__C)
                  0000b76c    00000004     httpgetCC3100_pem4f.oem4f (.const:xdc_runtime_Log_L_error__C)
                  0000b770    00000004     httpgetCC3100_pem4f.oem4f (.const:xdc_runtime_Memory_defaultHeapInstance__C)
                  0000b774    00000004     httpgetCC3100_pem4f.oem4f (.const:xdc_runtime_Startup_execImpl__C)
                  0000b778    00000004     httpgetCC3100_pem4f.oem4f (.const:xdc_runtime_Startup_maxPasses__C)
                  0000b77c    00000004     httpgetCC3100_pem4f.oem4f (.const:xdc_runtime_Startup_sfxnRts__C)
                  0000b780    00000004     httpgetCC3100_pem4f.oem4f (.const:xdc_runtime_Startup_sfxnTab__C)
                  0000b784    00000004     httpgetCC3100_pem4f.oem4f (.const:xdc_runtime_SysMin_bufSize__C)
                  0000b788    00000004     httpgetCC3100_pem4f.oem4f (.const:xdc_runtime_SysMin_outputFunc__C)
                  0000b78c    00000004     httpgetCC3100_pem4f.oem4f (.const:xdc_runtime_System_Module__gateObj__C)
                  0000b790    00000004     httpgetCC3100_pem4f.oem4f (.const:xdc_runtime_System_abortFxn__C)
                  0000b794    00000004     httpgetCC3100_pem4f.oem4f (.const:xdc_runtime_System_exitFxn__C)
                  0000b798    00000004     httpgetCC3100_pem4f.oem4f (.const:xdc_runtime_System_extendFxn__C)
                  0000b79c    00000004     httpgetCC3100_pem4f.oem4f (.const:xdc_runtime_System_maxAtexitHandlers__C)
                  0000b7a0    00000004     httpgetCC3100_pem4f.oem4f (.const:xdc_runtime_Text_charTab__C)
                  0000b7a4    00000004     httpgetCC3100_pem4f.oem4f (.const:xdc_runtime_Text_nameEmpty__C)
                  0000b7a8    00000004     httpgetCC3100_pem4f.oem4f (.const:xdc_runtime_Text_nameStatic__C)
                  0000b7ac    00000004     httpgetCC3100_pem4f.oem4f (.const:xdc_runtime_Text_nameUnknown__C)
                  0000b7b0    00000004     httpgetCC3100_pem4f.oem4f (.const:xdc_runtime_Text_nodeTab__C)
                  0000b7b4    00000004     httpgetCC3100_pem4f.oem4f (.const:xdc_runtime_Text_visitRopeFxn__C)
                  0000b7b8    00000002     httpgetCC3100_pem4f.oem4f (.const:xdc_runtime_Core_Module__id__C)
                  0000b7ba    00000002     httpgetCC3100_pem4f.oem4f (.const:xdc_runtime_Error_Module__loggerDefined__C)
                  0000b7bc    00000002     httpgetCC3100_pem4f.oem4f (.const:xdc_runtime_Error_maxDepth__C)
                  0000b7be    00000002     httpgetCC3100_pem4f.oem4f (.const:xdc_runtime_Memory_Module__id__C)
                  0000b7c0    00000002     httpgetCC3100_pem4f.oem4f (.const:xdc_runtime_SysMin_flushAtExit__C)
                  0000b7c2    00000002     httpgetCC3100_pem4f.oem4f (.const:xdc_runtime_Text_charCnt__C)
                  0000b7c4    00000002     httpgetCC3100_pem4f.oem4f (.const:xdc_runtime_Text_isLoaded__C)
                  0000b7c6    00000002     httpgetCC3100_pem4f.oem4f (.const:xdc_runtime_Text_registryModsLastId__C)
                  0000b7c8    00000002     httpgetCC3100_pem4f.oem4f (.const:xdc_runtime_Text_unnamedModsLastId__C)

.cinit     0    0000b7d0    00000308     
                  0000b7d0    000002d1     (.cinit..data.load) [load image, compression = lzss]
                  0000baa1    00000003     --HOLE-- [fill = 0]
                  0000baa4    0000000c     (__TI_handler_table)
                  0000bab0    00000008     (.cinit..bss.load) [load image, compression = zero_init]
                  0000bab8    00000008     (.cinit..vecs.load) [load image, compression = zero_init]
                  0000bac0    00000018     (__TI_cinit_table)

.init_array 
*          0    00000000    00000000     UNINITIALIZED

.resetVecs 
*          0    00000000    0000003c     
                  00000000    0000003c     httpgetCC3100_pem4f.oem4f (.resetVecs)

.bss       0    20000400    00002868     UNINITIALIZED
                  20000400    00001400     (.common:ti_sysbios_heaps_HeapMem_Instance_State_0_buf__A)
                  20001800    00000800     (.common:task0Stack)
                  20002000    00000360     (.common:ti_sysbios_family_arm_m3_Hwi_dispatchTable)
                  20002360    00000098     (.common:spiTivaDMAObjects)
                  200023f8    00000008     (.common:parmbuf)
                  20002400    00000200     EK_TM4C129EXL.obj (.bss:dmaControlTable)
                  20002600    00000200     httpgetCC3100_pem4f.oem4f (.bss:taskStackSection)
                  20002800    00000200     (.common:xdc_runtime_SysMin_Module_State_0_outbuf__A)
                  20002a00    00000120     rtsv7M4_T_le_v4SPD16_eabi.lib : trgmsg.c.obj (.bss:_CIOBUF_)
                  20002b20    00000090     drivers_tivaware.aem4f : GPIOTiva.oem4f (.bss:gpioCallbackInfo)
                  20002bb0    00000050     (.common:task0Struct)
                  20002c00    00000030     (.common:wiFiCC3100Objects)
                  20002c30    0000001c     EK_TM4C129EXL.obj (.bss:dmaHwiStruct)
                  20002c4c    00000004     (.common:SimpleLinkSpawnTaskHndl)
                  20002c50    00000004     (.common:gpioInterruptVectors)
                  20002c54    00000004     (.common:simpleLink_mailbox)
                  20002c58    00000001     (.common:RxIrqCnt)
                  20002c59    00000007     --HOLE--
                  20002c60    00000008     (.common:spiTivaDMAscratchBuf)

.data      0    20002c68    0000057a     UNINITIALIZED
                  20002c68    0000011c     http_sl.aem4f : httpstd.oem4f (.data)
                  20002d84    00000080     httpgetCC3100_pem4f.oem4f (.data:ti_sysbios_knl_Swi_Module_State_0_readyQ__A)
                  20002e04    00000080     httpgetCC3100_pem4f.oem4f (.data:ti_sysbios_knl_Task_Module_State_0_readyQ__A)
                  20002e84    0000004c     httpgetCC3100_pem4f.oem4f (.data:ti_sysbios_knl_Task_Object__table__V)
[...]
0000b65c  xdc_runtime_Startup_lastFxns__C                                      
0000b664  ti_catalog_arm_cortexm4_tiva_ce_Boot_A_mustNotUseEnhancedClockMode__C
0000b668  ti_catalog_arm_cortexm4_tiva_ce_Boot_Module__diagsEnabled__C         
0000b66c  ti_catalog_arm_cortexm4_tiva_ce_Boot_Module__diagsIncluded__C        
0000b670  ti_catalog_arm_cortexm4_tiva_ce_Boot_Module__diagsMask__C            
0000b674  ti_sysbios_family_arm_lm4_Timer_enableFunc__C                        
0000b678  ti_sysbios_family_arm_lm4_Timer_numTimerDevices__C                   
0000b67c  ti_sysbios_family_arm_lm4_Timer_startupNeeded__C                     
0000b680  ti_sysbios_family_arm_m3_Hwi_E_NMI__C                                
0000b684  ti_sysbios_family_arm_m3_Hwi_E_alreadyDefined__C                     
0000b688  ti_sysbios_family_arm_m3_Hwi_E_busFault__C                           
0000b68c  ti_sysbios_family_arm_m3_Hwi_E_debugMon__C                           
0000b690  ti_sysbios_family_arm_m3_Hwi_E_hardFault__C                          
0000b694  ti_sysbios_family_arm_m3_Hwi_E_memFault__C                           
0000b698  ti_sysbios_family_arm_m3_Hwi_E_noIsr__C                              
0000b69c  ti_sysbios_family_arm_m3_Hwi_E_reserved__C                           
0000b6a0  ti_sysbios_family_arm_m3_Hwi_E_svCall__C                             
0000b6a4  ti_sysbios_family_arm_m3_Hwi_E_usageFault__C                         
0000b6a8  ti_sysbios_family_arm_m3_Hwi_NUM_INTERRUPTS__C                       
0000b6ac  ti_sysbios_family_arm_m3_Hwi_Object__count__C                        
0000b6b0  ti_sysbios_family_arm_m3_Hwi_ccr__C                                  
0000b6b4  ti_sysbios_family_arm_m3_Hwi_excHandlerFunc__C                       
0000b6b8  ti_sysbios_family_arm_m3_Hwi_excHookFuncs__C                         
0000b6bc  ti_sysbios_family_arm_m3_Hwi_nullIsrFunc__C                          
0000b6c0  ti_sysbios_family_arm_m3_Hwi_priGroup__C                             
0000b6c4  ti_sysbios_family_arm_m3_TaskSupport_stackAlignment__C               
0000b6c8  ti_sysbios_gates_GateMutex_Instance_State_sem__O                     
0000b6cc  ti_sysbios_hal_Hwi_E_stackOverflow__C                                
0000b6d0  ti_sysbios_heaps_HeapMem_E_memory__C                                 
0000b6d4  ti_sysbios_heaps_HeapMem_Module__gateObj__C                          
0000b6d8  ti_sysbios_heaps_HeapMem_Object__count__C                            
0000b6dc  ti_sysbios_heaps_HeapMem_reqAlign__C                                 
0000b6e0  ti_sysbios_knl_Clock_Module_State_clockQ__O                          
0000b6e4  ti_sysbios_knl_Clock_tickPeriod__C                                   
0000b6e8  ti_sysbios_knl_Idle_funcList__A                                      
0000b6ec  ti_sysbios_knl_Mailbox_Instance_State_dataQue__O                     
0000b6f0  ti_sysbios_knl_Mailbox_Instance_State_dataSem__O                     
0000b6f4  ti_sysbios_knl_Mailbox_Instance_State_freeQue__O                     
0000b6f8  ti_sysbios_knl_Mailbox_Instance_State_freeSem__O                     
0000b6fc  ti_sysbios_knl_Mailbox_Object__count__C                              
0000b700  ti_sysbios_knl_Mailbox_maxTypeAlign__C                               
0000b704  ti_sysbios_knl_Semaphore_Instance_State_pendQ__O                     
0000b708  ti_sysbios_knl_Swi_Object__count__C                                  
0000b70c  ti_sysbios_knl_Task_E_spOutOfBounds__C                               
0000b710  ti_sysbios_knl_Task_E_stackOverflow__C                               
0000b714  ti_sysbios_knl_Task_Module_State_inactiveQ__O                        
0000b718  ti_sysbios_knl_Task_Object__count__C                                 
0000b71c  ti_sysbios_knl_Task_allBlockedFunc__C                                
0000b720  ti_sysbios_knl_Task_defaultStackHeap__C                              
0000b724  ti_sysbios_knl_Task_defaultStackSize__C                              
0000b728  ti_sysbios_knl_Task_numConstructedTasks__C                           
0000b72c  xdc_runtime_Assert_E_assertFailed__C                                 
0000b730  xdc_runtime_Core_A_initializedParams__C                              
0000b734  xdc_runtime_Core_Module__diagsEnabled__C                             
0000b738  xdc_runtime_Core_Module__diagsIncluded__C                            
0000b73c  xdc_runtime_Core_Module__diagsMask__C                                
0000b740  xdc_runtime_Error_E_memory__C                                        
0000b744  xdc_runtime_Error_Module__diagsEnabled__C                            
0000b748  xdc_runtime_Error_Module__diagsIncluded__C                           
0000b74c  xdc_runtime_Error_Module__diagsMask__C                               
0000b750  xdc_runtime_Error_Module__loggerFxn8__C                              
0000b754  xdc_runtime_Error_Module__loggerObj__C                               
0000b758  xdc_runtime_Error_policyFxn__C                                       
0000b75c  xdc_runtime_Error_raiseHook__C                                       
0000b760  xdc_runtime_IGateProvider_Interface__BASE__C                         
0000b764  xdc_runtime_IHeap_Interface__BASE__C                                 
0000b768  xdc_runtime_IModule_Interface__BASE__C                               
0000b76c  xdc_runtime_Log_L_error__C                                           
0000b770  xdc_runtime_Memory_defaultHeapInstance__C                            
0000b774  xdc_runtime_Startup_execImpl__C                                      
0000b778  xdc_runtime_Startup_maxPasses__C                                     
0000b77c  xdc_runtime_Startup_sfxnRts__C                                       
0000b780  xdc_runtime_Startup_sfxnTab__C                                       
0000b784  xdc_runtime_SysMin_bufSize__C                                        
0000b788  xdc_runtime_SysMin_outputFunc__C                                     
0000b78c  xdc_runtime_System_Module__gateObj__C                                
0000b790  xdc_runtime_System_abortFxn__C                                       
0000b794  xdc_runtime_System_exitFxn__C                                        
0000b798  xdc_runtime_System_extendFxn__C                                      
0000b79c  xdc_runtime_System_maxAtexitHandlers__C                              
0000b7a0  xdc_runtime_Text_charTab__C                                          
0000b7a4  xdc_runtime_Text_nameEmpty__C                                        
0000b7a8  xdc_runtime_Text_nameStatic__C                                       
0000b7ac  xdc_runtime_Text_nameUnknown__C                                      
0000b7b0  xdc_runtime_Text_nodeTab__C                                          
0000b7b4  xdc_runtime_Text_visitRopeFxn__C                                     
0000b7b8  xdc_runtime_Core_Module__id__C                                       
0000b7ba  xdc_runtime_Error_Module__loggerDefined__C                           
0000b7bc  xdc_runtime_Error_maxDepth__C                                        
0000b7be  xdc_runtime_Memory_Module__id__C                                     
0000b7c0  xdc_runtime_SysMin_flushAtExit__C                                    
0000b7c2  xdc_runtime_Text_charCnt__C                                          
0000b7c4  xdc_runtime_Text_isLoaded__C                                         
0000b7c6  xdc_runtime_Text_registryModsLastId__C                               
0000b7c8  xdc_runtime_Text_unnamedModsLastId__C                                
0000b7d0  __TI_static_base__                                                   
0000baa4  __TI_Handler_Table_Base                                              
0000bab0  __TI_Handler_Table_Limit                                             
0000bac0  __TI_CINIT_Base                                                      
0000bad8  __TI_CINIT_Limit                                                     
20000000  __start___llvm_prf_cnts                                              
20000000  __stop___llvm_prf_cnts                                               
20000000  ti_sysbios_family_arm_m3_Hwi_ramVectors                              
20000400  ti_sysbios_heaps_HeapMem_Instance_State_0_buf__A                     
20001800  task0Stack                                                           
20002000  ti_sysbios_family_arm_m3_Hwi_dispatchTable                           
20002360  spiTivaDMAObjects                                                    
200023f8  parmbuf                                                              
20002600  ti_sysbios_knl_Task_Instance_State_0_stack__A                        
20002800  xdc_runtime_SysMin_Module_State_0_outbuf__A                          
20002a00  __CIOBUF_                                                            
20002bb0  task0Struct                                                          
20002c00  wiFiCC3100Objects                                                    
20002c4c  SimpleLinkSpawnTaskHndl                                              
20002c54  simpleLink_mailbox                                                   
20002c58  RxIrqCnt                                                             
20002c60  spiTivaDMAscratchBuf                                                 
20002c68  HTTPStd_VER                                                          
20002c6c  HTTPStd_GET                                                          
20002c70  HTTPStd_POST                                                         
20002c74  HTTPStd_HEAD                                                         
20002c78  HTTPStd_OPTIONS                                                      
20002c7c  HTTPStd_PUT                                                          
20002c80  HTTPStd_DELETE                                                       
20002c84  HTTPStd_CONNECT                                                      
20002c88  HTTPStd_PATCH                                                        
20002c8c  HTTPStd_CONTENT_TYPE_APPLET                                          
20002c90  HTTPStd_CONTENT_TYPE_AU                                              
20002c94  HTTPStd_CONTENT_TYPE_CSS                                             
20002c98  HTTPStd_CONTENT_TYPE_DOC                                             
20002c9c  HTTPStd_CONTENT_TYPE_GIF                                             
20002ca0  HTTPStd_CONTENT_TYPE_HTML                                            
20002ca4  HTTPStd_CONTENT_TYPE_JPG                                             
20002ca8  HTTPStd_CONTENT_TYPE_MPEG                                            
20002cac  HTTPStd_CONTENT_TYPE_PDF                                             
20002cb0  HTTPStd_CONTENT_TYPE_WAV                                             
20002cb4  HTTPStd_CONTENT_TYPE_ZIP                                             
20002cb8  HTTPStd_CONTENT_TYPE_PLAIN                                           
20002cbc  HTTPStd_FIELD_NAME_ACCEPT                                            
20002cc0  HTTPStd_FIELD_NAME_ACCEPT_CHARSET                                    
20002cc4  HTTPStd_FIELD_NAME_ACCEPT_ENCODING                                   
20002cc8  HTTPStd_FIELD_NAME_ACCEPT_LANGUAGE                                   
20002ccc  HTTPStd_FIELD_NAME_ACCEPT_RANGES                                     
20002cd0  HTTPStd_FIELD_NAME_AGE                                               
20002cd4  HTTPStd_FIELD_NAME_ALLOW                                             
20002cd8  HTTPStd_FIELD_NAME_AUTHORIZATION                                     
20002cdc  HTTPStd_FIELD_NAME_CACHE_CONTROL                                     
20002ce0  HTTPStd_FIELD_NAME_CONNECTION                                        
20002ce4  HTTPStd_FIELD_NAME_CONTENT_ENCODING                                  
20002ce8  HTTPStd_FIELD_NAME_CONTENT_LANGUAGE                                  
20002cec  HTTPStd_FIELD_NAME_CONTENT_LENGTH                                    
20002cf0  HTTPStd_FIELD_NAME_CONTENT_LOCATION                                  
20002cf4  HTTPStd_FIELD_NAME_CONTENT_MD5                                       
20002cf8  HTTPStd_FIELD_NAME_CONTENT_RANGE                                     
20002cfc  HTTPStd_FIELD_NAME_CONTENT_TYPE                                      
20002d00  HTTPStd_FIELD_NAME_COOKIE                                            
20002d04  HTTPStd_FIELD_NAME_DATE                                              
20002d08  HTTPStd_FIELD_NAME_ETAG                                              
20002d0c  HTTPStd_FIELD_NAME_EXPECT                                            
20002d10  HTTPStd_FIELD_NAME_EXPIRES                                           
20002d14  HTTPStd_FIELD_NAME_FROM                                              
20002d18  HTTPStd_FIELD_NAME_HOST                                              
20002d1c  HTTPStd_FIELD_NAME_IF_MATCH                                          
20002d20  HTTPStd_FIELD_NAME_IF_MODIFIED_SINCE                                 
20002d24  HTTPStd_FIELD_NAME_IF_NONE_MATCH                                     
20002d28  HTTPStd_FIELD_NAME_IF_RANGE                                          
20002d2c  HTTPStd_FIELD_NAME_IF_UNMODIFIED_SINCE                               
20002d30  HTTPStd_FIELD_NAME_LAST_MODIFIED                                     
20002d34  HTTPStd_FIELD_NAME_LOCATION                                          
20002d38  HTTPStd_FIELD_NAME_MAX_FORWARDS                                      
20002d3c  HTTPStd_FIELD_NAME_ORIGIN                                            
20002d40  HTTPStd_FIELD_NAME_PRAGMA                                            
20002d44  HTTPStd_FIELD_NAME_PROXY_AUTHENTICATE                                
20002d48  HTTPStd_FIELD_NAME_PROXY_AUTHORIZATION                               
20002d4c  HTTPStd_FIELD_NAME_RANGE                                             
20002d50  HTTPStd_FIELD_NAME_REFERER                                           
20002d54  HTTPStd_FIELD_NAME_RETRY_AFTER                                       
20002d58  HTTPStd_FIELD_NAME_SERVER                                            
20002d5c  HTTPStd_FIELD_NAME_TE                                                
20002d60  HTTPStd_FIELD_NAME_TRAILER                                           
20002d64  HTTPStd_FIELD_NAME_TRANSFER_ENCODING                                 
20002d68  HTTPStd_FIELD_NAME_UPGRADE                                           
20002d6c  HTTPStd_FIELD_NAME_USER_AGENT                                        
20002d70  HTTPStd_FIELD_NAME_VARY                                              
20002d74  HTTPStd_FIELD_NAME_VIA                                               
20002d78  HTTPStd_FIELD_NAME_WWW_AUTHENTICATE                                  
20002d7c  HTTPStd_FIELD_NAME_WARNING                                           
20002d80  HTTPStd_FIELD_NAME_X_FORWARDED_FOR                                   
20002d84  ti_sysbios_knl_Swi_Module_State_0_readyQ__A                          
20002e04  ti_sysbios_knl_Task_Module_State_0_readyQ__A                         
20002e84  ti_sysbios_knl_Task_Object__table__V                                 
20002ed0  ti_sysbios_knl_Task_Module__state__V                                 
20002f14  ti_sysbios_family_arm_lm4_Timer_Module_State_0_device__A             
20002f54  ti_sysbios_family_arm_lm4_Timer_Object__table__V                     
20002f94  ti_sysbios_gates_GateMutex_Object__table__V                          
20002fcc  ti_sysbios_family_arm_m3_Hwi_Module__state__V                        
20003000  ti_sysbios_knl_Swi_Object__table__V                                  
20003030  ti_sysbios_knl_Clock_Module__state__V                                
2000305c  ti_sysbios_BIOS_Module__state__V                                     
20003080  ti_sysbios_family_arm_lm4_Timer_Module_State_0_handles__A            
200030a0  ti_sysbios_knl_Swi_Module__state__V                                  
200030bc  g_H2NSyncPattern                                                     
200030c4  g_H2NCnysPattern                                                     
200030cc  g_pCB                                                                
200030d0  pPingCallBackFunc                                                    
200030d4  gFirstCmdMode                                                        
200030d5  deviceConnected                                                      
200030d6  ipAcquired                                                           
200030d7  smartConfigFlag                                                      
200030d8  ti_sysbios_family_arm_m3_Hwi_Object__table__V                        
200030f0  ti_sysbios_heaps_HeapMem_Object__table__V                            
20003108  gpioPinConfigs                                                       
20003128  ti_sysbios_family_arm_lm4_Timer_Module__state__V                     
20003134  xdc_runtime_SysMin_Module__state__V                                  
20003140  _lock                                                                
20003144  _unlock                                                              
20003148  gpioCallbackFunctions                                                
20003150  ti_sysbios_family_arm_m3_Hwi_Module__root__V                         
20003158  ti_sysbios_gates_GateHwi_Module__root__V                             
20003160  ti_sysbios_gates_GateMutex_Module__root__V                           
20003168  ti_sysbios_heaps_HeapMem_Module__root__V                             
20003170  ti_sysbios_knl_Mailbox_Module__root__V                               
20003178  ti_sysbios_knl_Queue_Module__root__V                                 
20003180  ti_sysbios_knl_Semaphore_Module__root__V                             
20003188  ti_sysbios_knl_Task_Module__root__V                                  
20003190  xdc_runtime_Registry_Module__state__V                                
20003198  xdc_runtime_Startup_Module__state__V                                 
200031a0  xdc_runtime_System_Module_State_0_atexitHandlers__A                  
200031a8  xdc_runtime_System_Module__state__V                                  
200031b6  ti_sysbios_family_arm_m3_Hwi_Module_State_0_excActive__A             
200031c4  errno                                                                
200031c8  main_func_sp                                                         
200031cc  ti_sysbios_family_arm_m3_Hwi_Module_State_0_excContext__A            
200031d0  ti_sysbios_family_arm_m3_Hwi_Module_State_0_excStack__A              
200031d4  ti_sysbios_gates_GateHwi_Object__table__V                            
200031d8  ti_sysbios_knl_Task_Module_State_0_idleTask__A                       
200031dc  xdc_runtime_Memory_Module__state__V                                  
200031e0  xdc_runtime_Error_Module__state__V                                   
200031e8  __stack                                                              
200035e8  __STACK_END                                                          
e000e000  ti_sysbios_family_arm_m3_Hwi_nvic                                    
ffffffff  __TI_pprof_out_hndl                                                  
ffffffff  __TI_prof_data_size                                                  
ffffffff  __TI_prof_data_start                                                 
ffffffff  __binit__                                                            
ffffffff  __c_args__                                                           
ffffffff  binit                                                                
UNDEFED   SHT$$INIT_ARRAY$$Base                                                
UNDEFED   SHT$$INIT_ARRAY$$Limit                                               

[876 symbols]
